Archive member included to satisfy reference by file (symbol)

/usr/lib/gcc/arm-none-eabi/16.1.0/../../../../arm-none-eabi/lib/thumb/v7e-m+fp/hard/libc_nano.a(libc_a-atexit.o)
                              /usr/lib/gcc/arm-none-eabi/16.1.0/../../../../arm-none-eabi/lib/thumb/v7e-m+fp/hard/crt0.o (atexit)
/usr/lib/gcc/arm-none-eabi/16.1.0/../../../../arm-none-eabi/lib/thumb/v7e-m+fp/hard/libc_nano.a(libc_a-exit.o)
                              /usr/lib/gcc/arm-none-eabi/16.1.0/../../../../arm-none-eabi/lib/thumb/v7e-m+fp/hard/crt0.o (exit)
/usr/lib/gcc/arm-none-eabi/16.1.0/../../../../arm-none-eabi/lib/thumb/v7e-m+fp/hard/libc_nano.a(libc_a-findfp.o)
                              /usr/lib/gcc/arm-none-eabi/16.1.0/../../../../arm-none-eabi/lib/thumb/v7e-m+fp/hard/libc_nano.a(libc_a-exit.o) (__stdio_exit_handler)
/usr/lib/gcc/arm-none-eabi/16.1.0/../../../../arm-none-eabi/lib/thumb/v7e-m+fp/hard/libc_nano.a(libc_a-fwalk.o)
                              /usr/lib/gcc/arm-none-eabi/16.1.0/../../../../arm-none-eabi/lib/thumb/v7e-m+fp/hard/libc_nano.a(libc_a-findfp.o) (_fwalk_sglue)
/usr/lib/gcc/arm-none-eabi/16.1.0/../../../../arm-none-eabi/lib/thumb/v7e-m+fp/hard/libc_nano.a(libc_a-stdio.o)
                              /usr/lib/gcc/arm-none-eabi/16.1.0/../../../../arm-none-eabi/lib/thumb/v7e-m+fp/hard/libc_nano.a(libc_a-findfp.o) (__sread)
/usr/lib/gcc/arm-none-eabi/16.1.0/../../../../arm-none-eabi/lib/thumb/v7e-m+fp/hard/libc_nano.a(libc_a-memset.o)
                              /usr/lib/gcc/arm-none-eabi/16.1.0/../../../../arm-none-eabi/lib/thumb/v7e-m+fp/hard/crt0.o (memset)
/usr/lib/gcc/arm-none-eabi/16.1.0/../../../../arm-none-eabi/lib/thumb/v7e-m+fp/hard/libc_nano.a(libc_a-closer.o)
                              /usr/lib/gcc/arm-none-eabi/16.1.0/../../../../arm-none-eabi/lib/thumb/v7e-m+fp/hard/libc_nano.a(libc_a-stdio.o) (_close_r)
/usr/lib/gcc/arm-none-eabi/16.1.0/../../../../arm-none-eabi/lib/thumb/v7e-m+fp/hard/libc_nano.a(libc_a-reent.o)
                              /usr/lib/gcc/arm-none-eabi/16.1.0/../../../../arm-none-eabi/lib/thumb/v7e-m+fp/hard/libc_nano.a(libc_a-closer.o) (errno)
/usr/lib/gcc/arm-none-eabi/16.1.0/../../../../arm-none-eabi/lib/thumb/v7e-m+fp/hard/libc_nano.a(libc_a-impure.o)
                              /usr/lib/gcc/arm-none-eabi/16.1.0/../../../../arm-none-eabi/lib/thumb/v7e-m+fp/hard/libc_nano.a(libc_a-reent.o) (_impure_ptr)
/usr/lib/gcc/arm-none-eabi/16.1.0/../../../../arm-none-eabi/lib/thumb/v7e-m+fp/hard/libc_nano.a(libc_a-lseekr.o)
                              /usr/lib/gcc/arm-none-eabi/16.1.0/../../../../arm-none-eabi/lib/thumb/v7e-m+fp/hard/libc_nano.a(libc_a-stdio.o) (_lseek_r)
/usr/lib/gcc/arm-none-eabi/16.1.0/../../../../arm-none-eabi/lib/thumb/v7e-m+fp/hard/libc_nano.a(libc_a-readr.o)
                              /usr/lib/gcc/arm-none-eabi/16.1.0/../../../../arm-none-eabi/lib/thumb/v7e-m+fp/hard/libc_nano.a(libc_a-stdio.o) (_read_r)
/usr/lib/gcc/arm-none-eabi/16.1.0/../../../../arm-none-eabi/lib/thumb/v7e-m+fp/hard/libc_nano.a(libc_a-writer.o)
                              /usr/lib/gcc/arm-none-eabi/16.1.0/../../../../arm-none-eabi/lib/thumb/v7e-m+fp/hard/libc_nano.a(libc_a-stdio.o) (_write_r)
/usr/lib/gcc/arm-none-eabi/16.1.0/../../../../arm-none-eabi/lib/thumb/v7e-m+fp/hard/libc_nano.a(libc_a-errno.o)
                              build/sysmem.o (__errno)
/usr/lib/gcc/arm-none-eabi/16.1.0/../../../../arm-none-eabi/lib/thumb/v7e-m+fp/hard/libc_nano.a(libc_a-init.o)
                              /usr/lib/gcc/arm-none-eabi/16.1.0/../../../../arm-none-eabi/lib/thumb/v7e-m+fp/hard/crt0.o (__libc_init_array)
/usr/lib/gcc/arm-none-eabi/16.1.0/../../../../arm-none-eabi/lib/thumb/v7e-m+fp/hard/libc_nano.a(libc_a-fini.o)
                              /usr/lib/gcc/arm-none-eabi/16.1.0/../../../../arm-none-eabi/lib/thumb/v7e-m+fp/hard/crt0.o (__libc_fini_array)
/usr/lib/gcc/arm-none-eabi/16.1.0/../../../../arm-none-eabi/lib/thumb/v7e-m+fp/hard/libc_nano.a(libc_a-lock.o)
                              /usr/lib/gcc/arm-none-eabi/16.1.0/../../../../arm-none-eabi/lib/thumb/v7e-m+fp/hard/libc_nano.a(libc_a-findfp.o) (__retarget_lock_init_recursive)
/usr/lib/gcc/arm-none-eabi/16.1.0/../../../../arm-none-eabi/lib/thumb/v7e-m+fp/hard/libc_nano.a(libc_a-__atexit.o)
                              /usr/lib/gcc/arm-none-eabi/16.1.0/../../../../arm-none-eabi/lib/thumb/v7e-m+fp/hard/libc_nano.a(libc_a-atexit.o) (__register_exitproc)
/usr/lib/gcc/arm-none-eabi/16.1.0/../../../../arm-none-eabi/lib/thumb/v7e-m+fp/hard/libc_nano.a(libc_a-__call_atexit.o)
                              /usr/lib/gcc/arm-none-eabi/16.1.0/../../../../arm-none-eabi/lib/thumb/v7e-m+fp/hard/libc_nano.a(libc_a-__atexit.o) (__call_exitprocs)
/usr/lib/gcc/arm-none-eabi/16.1.0/../../../../arm-none-eabi/lib/thumb/v7e-m+fp/hard/libc_nano.a(libc_a-freer.o)
                              /usr/lib/gcc/arm-none-eabi/16.1.0/../../../../arm-none-eabi/lib/thumb/v7e-m+fp/hard/libc_nano.a(libc_a-reent.o) (_free_r)
[...]
Memory Configuration

Name             Origin             Length             Attributes
RAM              0x20000000         0x00020000         xrw
FLASH            0x08000000         0x00080000         xr
*default*        0x00000000         0xffffffff

Linker script and memory map

LOAD /usr/lib/gcc/arm-none-eabi/16.1.0/thumb/v7e-m+fp/hard/crti.o
LOAD /usr/lib/gcc/arm-none-eabi/16.1.0/thumb/v7e-m+fp/hard/crtbegin.o
LOAD /usr/lib/gcc/arm-none-eabi/16.1.0/../../../../arm-none-eabi/lib/thumb/v7e-m+fp/hard/crt0.o
LOAD build/main.o
LOAD build/stm32g4xx_it.o
LOAD build/stm32g4xx_hal_msp.o
LOAD build/stm32g4xx_nucleo.o
LOAD build/stm32g4xx_hal.o
LOAD build/stm32g4xx_hal_rcc.o
LOAD build/stm32g4xx_hal_rcc_ex.o
LOAD build/stm32g4xx_hal_flash.o
LOAD build/stm32g4xx_hal_flash_ex.o
LOAD build/stm32g4xx_hal_flash_ramfunc.o
LOAD build/stm32g4xx_hal_gpio.o
LOAD build/stm32g4xx_hal_exti.o
LOAD build/stm32g4xx_hal_dma.o
LOAD build/stm32g4xx_hal_dma_ex.o
LOAD build/stm32g4xx_hal_pwr.o
LOAD build/stm32g4xx_hal_pwr_ex.o
LOAD build/stm32g4xx_hal_cortex.o
LOAD build/stm32g4xx_hal_tim.o
LOAD build/stm32g4xx_hal_tim_ex.o
LOAD build/system_stm32g4xx.o
LOAD build/sysmem.o
LOAD build/syscalls.o
LOAD build/startup_stm32g474xx.o
LOAD /usr/lib/gcc/arm-none-eabi/16.1.0/../../../../arm-none-eabi/lib/thumb/v7e-m+fp/hard/libc_nano.a
LOAD /usr/lib/gcc/arm-none-eabi/16.1.0/../../../../arm-none-eabi/lib/thumb/v7e-m+fp/hard/libm.a
LOAD /usr/lib/gcc/arm-none-eabi/16.1.0/../../../../arm-none-eabi/lib/thumb/v7e-m+fp/hard/libnosys.a
START GROUP
LOAD /usr/lib/gcc/arm-none-eabi/16.1.0/thumb/v7e-m+fp/hard/libgcc.a
LOAD /usr/lib/gcc/arm-none-eabi/16.1.0/../../../../arm-none-eabi/lib/thumb/v7e-m+fp/hard/libc_nano.a
END GROUP
START GROUP
LOAD /usr/lib/gcc/arm-none-eabi/16.1.0/thumb/v7e-m+fp/hard/libgcc.a
LOAD /usr/lib/gcc/arm-none-eabi/16.1.0/../../../../arm-none-eabi/lib/thumb/v7e-m+fp/hard/libc_nano.a
END GROUP
LOAD /usr/lib/gcc/arm-none-eabi/16.1.0/thumb/v7e-m+fp/hard/crtend.o
LOAD /usr/lib/gcc/arm-none-eabi/16.1.0/thumb/v7e-m+fp/hard/crtn.o
                0x20020000                        _estack = (ORIGIN (RAM) + LENGTH (RAM))
                0x2001fc00                        _sstack = (_estack - _Min_Stack_Size)
                0x00000200                        _Min_Heap_Size = 0x200
                0x00000400                        _Min_Stack_Size = 0x400

.isr_vector     0x08000000      0x1d8
                0x08000000                        . = ALIGN (0x4)
 *(.isr_vector)
 .isr_vector    0x08000000      0x1d8 build/startup_stm32g474xx.o
                0x08000000                g_pfnVectors
                0x080001d8                        . = ALIGN (0x4)

.text           0x080001d8     0x2ec0
                0x080001d8                        . = ALIGN (0x4)
 *(.text)
 *(.text*)
 .text.__do_global_dtors_aux
                0x080001d8       0x24 /usr/lib/gcc/arm-none-eabi/16.1.0/thumb/v7e-m+fp/hard/crtbegin.o
 .text.frame_dummy
                0x080001fc       0x1c /usr/lib/gcc/arm-none-eabi/16.1.0/thumb/v7e-m+fp/hard/crtbegin.o
 .text.MX_GPIO_Init
                0x08000218       0x54 build/main.o
 .text.execute_open_loop_control
                0x0800026c      0x2b4 build/main.o
 .text.HAL_RCC_CSSCallback
                0x08000520       0x68 build/main.o
                0x08000520                HAL_RCC_CSSCallback
 .text.HAL_TIM_PeriodElapsedCallback
                0x08000588       0x18 build/main.o
                0x08000588                HAL_TIM_PeriodElapsedCallback
 .text.Error_Handler
                0x080005a0        0x4 build/main.o
                0x080005a0                Error_Handler
 .text.MX_TIM8_Init
                0x080005a4       0xf0 build/main.o
 .text.SystemClock_Config
                0x08000694       0x72 build/main.o
                0x08000694                SystemClock_Config
 *fill*         0x08000706        0x2 
 .text.main     0x08000708       0x7c build/main.o
                0x08000708                main
 .text.NMI_Handler
                0x08000784        0x8 build/stm32g4xx_it.o
                0x08000784                NMI_Handler
 .text.HardFault_Handler
                0x0800078c        0x2 build/stm32g4xx_it.o
                0x0800078c                HardFault_Handler
 .text.MemManage_Handler
                0x0800078e        0x2 build/stm32g4xx_it.o
                0x0800078e                MemManage_Handler
 .text.BusFault_Handler
                0x08000790        0x2 build/stm32g4xx_it.o
                0x08000790                BusFault_Handler
 .text.UsageFault_Handler
                0x08000792        0x2 build/stm32g4xx_it.o
                0x08000792                UsageFault_Handler
 .text.SVC_Handler
                0x08000794        0x2 build/stm32g4xx_it.o
                0x08000794                SVC_Handler
 .text.DebugMon_Handler
                0x08000796        0x2 build/stm32g4xx_it.o
                0x08000796                DebugMon_Handler
 .text.PendSV_Handler
                0x08000798        0x2 build/stm32g4xx_it.o
                0x08000798                PendSV_Handler
 .text.SysTick_Handler
                0x0800079a        0x8 build/stm32g4xx_it.o
                0x0800079a                SysTick_Handler
 *fill*         0x080007a2        0x2 
 .text.TIM8_UP_IRQHandler
                0x080007a4       0x10 build/stm32g4xx_it.o
                0x080007a4                TIM8_UP_IRQHandler
 .text.HAL_MspInit
                0x080007b4       0x38 build/stm32g4xx_hal_msp.o
                0x080007b4                HAL_MspInit
 .text.HAL_TIM_PWM_MspInit
                0x080007ec       0x2c build/stm32g4xx_hal_msp.o
                0x080007ec                HAL_TIM_PWM_MspInit
 .text.HAL_TIM_MspPostInit
                0x08000818       0xa8 build/stm32g4xx_hal_msp.o
                0x08000818                HAL_TIM_MspPostInit
 .text.HAL_InitTick
                0x080008c0       0x4c build/stm32g4xx_hal.o
                0x080008c0                HAL_InitTick
 .text.HAL_Init
                0x0800090c       0x20 build/stm32g4xx_hal.o
                0x0800090c                HAL_Init
 .text.HAL_IncTick
                0x0800092c       0x18 build/stm32g4xx_hal.o
                0x0800092c                HAL_IncTick
 .text.HAL_GetTick
                0x08000944        0xc build/stm32g4xx_hal.o
                0x08000944                HAL_GetTick
 .text.RCC_GetSysClockFreqFromPLLSource
                0x08000950       0x58 build/stm32g4xx_hal_rcc.o
 .text.HAL_RCC_OscConfig
                0x080009a8      0x4a8 build/stm32g4xx_hal_rcc.o
                0x080009a8                HAL_RCC_OscConfig
 .text.HAL_RCC_GetSysClockFreq
                0x08000e50       0x88 build/stm32g4xx_hal_rcc.o
                0x08000e50                HAL_RCC_GetSysClockFreq
 .text.HAL_RCC_ClockConfig
                0x08000ed8      0x1e8 build/stm32g4xx_hal_rcc.o
                0x08000ed8                HAL_RCC_ClockConfig
 .text.HAL_RCC_EnableCSS
                0x080010c0       0x10 build/stm32g4xx_hal_rcc.o
                0x080010c0                HAL_RCC_EnableCSS
 .text.HAL_RCC_NMI_IRQHandler
                0x080010d0       0x20 build/stm32g4xx_hal_rcc.o
                0x080010d0                HAL_RCC_NMI_IRQHandler
 .text.HAL_GPIO_Init
                0x080010f0      0x1f4 build/stm32g4xx_hal_gpio.o
                0x080010f0                HAL_GPIO_Init
 .text.HAL_PWREx_ControlVoltageScaling
                0x080012e4      0x108 build/stm32g4xx_hal_pwr_ex.o
                0x080012e4                HAL_PWREx_ControlVoltageScaling
 .text.HAL_PWREx_DisableUCPDDeadBattery
                0x080013ec       0x10 build/stm32g4xx_hal_pwr_ex.o
                0x080013ec                HAL_PWREx_DisableUCPDDeadBattery
 .text.__NVIC_EnableIRQ
                0x080013fc       0x1c build/stm32g4xx_hal_cortex.o
 .text.__NVIC_SetPriority
                0x08001418       0x24 build/stm32g4xx_hal_cortex.o
 .text.NVIC_EncodePriority
                0x0800143c       0x46 build/stm32g4xx_hal_cortex.o
 *fill*         0x08001482        0x2 
 .text.HAL_NVIC_SetPriorityGrouping
                0x08001484       0x24 build/stm32g4xx_hal_cortex.o
                0x08001484                HAL_NVIC_SetPriorityGrouping
 .text.HAL_NVIC_SetPriority
                0x080014a8       0x20 build/stm32g4xx_hal_cortex.o
                0x080014a8                HAL_NVIC_SetPriority
 .text.HAL_NVIC_EnableIRQ
                0x080014c8        0x8 build/stm32g4xx_hal_cortex.o
                0x080014c8                HAL_NVIC_EnableIRQ
 .text.HAL_SYSTICK_Config
                0x080014d0       0x28 build/stm32g4xx_hal_cortex.o
                0x080014d0                HAL_SYSTICK_Config
 .text.TIM_OC1_SetConfig
                0x080014f8       0xb8 build/stm32g4xx_hal_tim.o
 .text.TIM_OC3_SetConfig
                0x080015b0       0xa4 build/stm32g4xx_hal_tim.o
 .text.TIM_OC4_SetConfig
                0x08001654       0xac build/stm32g4xx_hal_tim.o
 .text.TIM_OC5_SetConfig
                0x08001700       0x78 build/stm32g4xx_hal_tim.o
 .text.TIM_OC6_SetConfig
                0x08001778       0x78 build/stm32g4xx_hal_tim.o
 .text.HAL_TIM_OC_DelayElapsedCallback
                0x080017f0        0x2 build/stm32g4xx_hal_tim.o
                0x080017f0                HAL_TIM_OC_DelayElapsedCallback
 .text.HAL_TIM_IC_CaptureCallback
                0x080017f2        0x2 build/stm32g4xx_hal_tim.o
                0x080017f2                HAL_TIM_IC_CaptureCallback
 .text.HAL_TIM_PWM_PulseFinishedCallback
                0x080017f4        0x2 build/stm32g4xx_hal_tim.o
                0x080017f4                HAL_TIM_PWM_PulseFinishedCallback
 .text.HAL_TIM_TriggerCallback
                0x080017f6        0x2 build/stm32g4xx_hal_tim.o
                0x080017f6                HAL_TIM_TriggerCallback
 .text.HAL_TIM_IRQHandler
                0x080017f8      0x1f0 build/stm32g4xx_hal_tim.o
                0x080017f8                HAL_TIM_IRQHandler
 .text.TIM_Base_SetConfig
                0x080019e8       0xe8 build/stm32g4xx_hal_tim.o
                0x080019e8                TIM_Base_SetConfig
 .text.HAL_TIM_PWM_Init
                0x08001ad0       0x60 build/stm32g4xx_hal_tim.o
                0x08001ad0                HAL_TIM_PWM_Init
 .text.TIM_OC2_SetConfig
                0x08001b30       0xac build/stm32g4xx_hal_tim.o
                0x08001b30                TIM_OC2_SetConfig
 .text.HAL_TIM_PWM_ConfigChannel
                0x08001bdc      0x13a build/stm32g4xx_hal_tim.o
                0x08001bdc                HAL_TIM_PWM_ConfigChannel
 .text.TIM_CCxChannelCmd
                0x08001d16       0x1e build/stm32g4xx_hal_tim.o
                0x08001d16                TIM_CCxChannelCmd
 .text.HAL_TIM_PWM_Start
                0x08001d34      0x160 build/stm32g4xx_hal_tim.o
                0x08001d34                HAL_TIM_PWM_Start
 .text.HAL_TIM_PWM_Stop
                0x08001e94       0xcc build/stm32g4xx_hal_tim.o
                0x08001e94                HAL_TIM_PWM_Stop
 .text.TIM_CCxNChannelCmd
                0x08001f60       0x1e build/stm32g4xx_hal_tim_ex.o
 *fill*         0x08001f7e        0x2 
 .text.HAL_TIMEx_PWMN_Start
                0x08001f80       0xf4 build/stm32g4xx_hal_tim_ex.o
                0x08001f80                HAL_TIMEx_PWMN_Start
 .text.HAL_TIMEx_PWMN_Stop
                0x08002074       0x7a build/stm32g4xx_hal_tim_ex.o
                0x08002074                HAL_TIMEx_PWMN_Stop
 *fill*         0x080020ee        0x2 
 .text.HAL_TIMEx_MasterConfigSynchronization
                0x080020f0       0xb0 build/stm32g4xx_hal_tim_ex.o
                0x080020f0                HAL_TIMEx_MasterConfigSynchronization
 .text.HAL_TIMEx_ConfigBreakDeadTime
                0x080021a0       0xb0 build/stm32g4xx_hal_tim_ex.o
                0x080021a0                HAL_TIMEx_ConfigBreakDeadTime
 .text.HAL_TIMEx_CommutCallback
                0x08002250        0x2 build/stm32g4xx_hal_tim_ex.o
                0x08002250                HAL_TIMEx_CommutCallback
 .text.HAL_TIMEx_BreakCallback
                0x08002252        0x2 build/stm32g4xx_hal_tim_ex.o
                0x08002252                HAL_TIMEx_BreakCallback
 .text.HAL_TIMEx_Break2Callback
                0x08002254        0x2 build/stm32g4xx_hal_tim_ex.o
                0x08002254                HAL_TIMEx_Break2Callback
 .text.HAL_TIMEx_EncoderIndexCallback
                0x08002256        0x2 build/stm32g4xx_hal_tim_ex.o
                0x08002256                HAL_TIMEx_EncoderIndexCallback
 .text.HAL_TIMEx_DirectionChangeCallback
                0x08002258        0x2 build/stm32g4xx_hal_tim_ex.o
                0x08002258                HAL_TIMEx_DirectionChangeCallback
 .text.HAL_TIMEx_IndexErrorCallback
                0x0800225a        0x2 build/stm32g4xx_hal_tim_ex.o
                0x0800225a                HAL_TIMEx_IndexErrorCallback
 .text.HAL_TIMEx_TransitionErrorCallback
                0x0800225c        0x2 build/stm32g4xx_hal_tim_ex.o
                0x0800225c                HAL_TIMEx_TransitionErrorCallback
 *fill*         0x0800225e        0x2 
 .text.SystemInit
                0x08002260       0x14 build/system_stm32g4xx.o
                0x08002260                SystemInit
 .text.Reset_Handler
                0x08002274       0x50 build/startup_stm32g474xx.o
                0x08002274                Reset_Handler
 .text.Default_Handler
                0x080022c4        0x2 build/startup_stm32g474xx.o
                0x080022c4                RTC_Alarm_IRQHandler
                0x080022c4                EXTI2_IRQHandler
                0x080022c4                TIM8_TRG_COM_IRQHandler
                0x080022c4                TIM8_CC_IRQHandler
                0x080022c4                HRTIM1_Master_IRQHandler
                0x080022c4                SPI4_IRQHandler
                0x080022c4                FDCAN3_IT0_IRQHandler
                0x080022c4                TIM1_CC_IRQHandler
                0x080022c4                HRTIM1_FLT_IRQHandler
                0x080022c4                HRTIM1_TIMF_IRQHandler
                0x080022c4                USB_HP_IRQHandler
                0x080022c4                CORDIC_IRQHandler
                0x080022c4                HRTIM1_TIMD_IRQHandler
                0x080022c4                DMA2_Channel8_IRQHandler
                0x080022c4                EXTI3_IRQHandler
                0x080022c4                I2C3_ER_IRQHandler
                0x080022c4                EXTI0_IRQHandler
                0x080022c4                I2C2_EV_IRQHandler
                0x080022c4                FPU_IRQHandler
                0x080022c4                FDCAN1_IT1_IRQHandler
                0x080022c4                TIM1_UP_TIM16_IRQHandler
                0x080022c4                ADC1_2_IRQHandler
                0x080022c4                HRTIM1_TIME_IRQHandler
                0x080022c4                SPI1_IRQHandler
                0x080022c4                TIM6_DAC_IRQHandler
                0x080022c4                HRTIM1_TIMC_IRQHandler
                0x080022c4                DMA2_Channel2_IRQHandler
                0x080022c4                DMA1_Channel4_IRQHandler
                0x080022c4                TIM20_TRG_COM_IRQHandler
                0x080022c4                USART3_IRQHandler
                0x080022c4                DMA1_Channel7_IRQHandler
                0x080022c4                UART5_IRQHandler
                0x080022c4                ADC3_IRQHandler
                0x080022c4                TIM4_IRQHandler
                0x080022c4                DMA2_Channel1_IRQHandler
                0x080022c4                QUADSPI_IRQHandler
                0x080022c4                I2C1_EV_IRQHandler
                0x080022c4                DMA1_Channel6_IRQHandler
                0x080022c4                UART4_IRQHandler
                0x080022c4                DMA2_Channel4_IRQHandler
                0x080022c4                TIM3_IRQHandler
                0x080022c4                RCC_IRQHandler
                0x080022c4                TIM20_UP_IRQHandler
                0x080022c4                DMA1_Channel1_IRQHandler
                0x080022c4                Default_Handler
                0x080022c4                DMA2_Channel7_IRQHandler
                0x080022c4                RTC_TAMP_LSECSS_IRQHandler
                0x080022c4                FMAC_IRQHandler
                0x080022c4                EXTI15_10_IRQHandler
                0x080022c4                DMA1_Channel8_IRQHandler
                0x080022c4                HRTIM1_TIMA_IRQHandler
                0x080022c4                TIM7_DAC_IRQHandler
                0x080022c4                FDCAN3_IT1_IRQHandler
                0x080022c4                TIM5_IRQHandler
                0x080022c4                UCPD1_IRQHandler
                0x080022c4                I2C3_EV_IRQHandler
                0x080022c4                EXTI9_5_IRQHandler
                0x080022c4                RTC_WKUP_IRQHandler
                0x080022c4                PVD_PVM_IRQHandler
                0x080022c4                SPI2_IRQHandler
                0x080022c4                ADC5_IRQHandler
                0x080022c4                DMA2_Channel5_IRQHandler
                0x080022c4                CRS_IRQHandler
                0x080022c4                DMA1_Channel5_IRQHandler
                0x080022c4                USB_LP_IRQHandler
                0x080022c4                EXTI4_IRQHandler
                0x080022c4                RNG_IRQHandler
                0x080022c4                HRTIM1_TIMB_IRQHandler
                0x080022c4                TIM1_TRG_COM_TIM17_IRQHandler
                0x080022c4                FDCAN2_IT1_IRQHandler
                0x080022c4                DMA1_Channel3_IRQHandler
                0x080022c4                ADC4_IRQHandler
                0x080022c4                WWDG_IRQHandler
                0x080022c4                I2C4_EV_IRQHandler
                0x080022c4                FDCAN2_IT0_IRQHandler
                0x080022c4                LPUART1_IRQHandler
                0x080022c4                DMA2_Channel6_IRQHandler
                0x080022c4                FDCAN1_IT0_IRQHandler
                0x080022c4                TIM2_IRQHandler
                0x080022c4                COMP7_IRQHandler
                0x080022c4                COMP1_2_3_IRQHandler
                0x080022c4                EXTI1_IRQHandler
                0x080022c4                USART2_IRQHandler
                0x080022c4                COMP4_5_6_IRQHandler
                0x080022c4                TIM20_BRK_IRQHandler
                0x080022c4                I2C2_ER_IRQHandler
                0x080022c4                DMA1_Channel2_IRQHandler
                0x080022c4                TIM8_BRK_IRQHandler
                0x080022c4                FLASH_IRQHandler
                0x080022c4                TIM20_CC_IRQHandler
                0x080022c4                USART1_IRQHandler
                0x080022c4                SPI3_IRQHandler
                0x080022c4                I2C1_ER_IRQHandler
                0x080022c4                FMC_IRQHandler
                0x080022c4                LPTIM1_IRQHandler
                0x080022c4                DMAMUX_OVR_IRQHandler
                0x080022c4                I2C4_ER_IRQHandler
                0x080022c4                USBWakeUp_IRQHandler
                0x080022c4                SAI1_IRQHandler
                0x080022c4                DMA2_Channel3_IRQHandler
                0x080022c4                TIM1_BRK_TIM15_IRQHandler
 .text.memset   0x080022c6       0x10 /usr/lib/gcc/arm-none-eabi/16.1.0/../../../../arm-none-eabi/lib/thumb/v7e-m+fp/hard/libc_nano.a(libc_a-memset.o)
                0x080022c6                memset
 *fill*         0x080022d6        0x2 
 .text.__libc_init_array
                0x080022d8       0x48 /usr/lib/gcc/arm-none-eabi/16.1.0/../../../../arm-none-eabi/lib/thumb/v7e-m+fp/hard/libc_nano.a(libc_a-init.o)
                0x080022d8                __libc_init_array
 .text.cosf     0x08002320       0x70 /usr/lib/gcc/arm-none-eabi/16.1.0/../../../../arm-none-eabi/lib/thumb/v7e-m+fp/hard/libm.a(libm_a-sf_cos.o)
                0x08002320                cosf
 .text.sinf     0x08002390       0x74 /usr/lib/gcc/arm-none-eabi/16.1.0/../../../../arm-none-eabi/lib/thumb/v7e-m+fp/hard/libm.a(libm_a-sf_sin.o)
                0x08002390                sinf
 .text.__kernel_cosf
                0x08002404      0x100 /usr/lib/gcc/arm-none-eabi/16.1.0/../../../../arm-none-eabi/lib/thumb/v7e-m+fp/hard/libm.a(libm_a-kf_cos.o)
                0x08002404                __kernel_cosf
 .text.__kernel_sinf
                0x08002504       0x90 /usr/lib/gcc/arm-none-eabi/16.1.0/../../../../arm-none-eabi/lib/thumb/v7e-m+fp/hard/libm.a(libm_a-kf_sin.o)
                0x08002504                __kernel_sinf
 .text.__ieee754_rem_pio2f
                0x08002594      0x268 /usr/lib/gcc/arm-none-eabi/16.1.0/../../../../arm-none-eabi/lib/thumb/v7e-m+fp/hard/libm.a(libm_a-ef_rem_pio2.o)
                0x08002594                __ieee754_rem_pio2f
 .text.fabsf    0x080027fc       0x10 /usr/lib/gcc/arm-none-eabi/16.1.0/../../../../arm-none-eabi/lib/thumb/v7e-m+fp/hard/libm.a(libm_a-sf_fabs.o)
                0x080027fc                fabsf
 .text.__kernel_rem_pio2f
                0x0800280c      0x6f8 /usr/lib/gcc/arm-none-eabi/16.1.0/../../../../arm-none-eabi/lib/thumb/v7e-m+fp/hard/libm.a(libm_a-kf_rem_pio2.o)
                0x0800280c                __kernel_rem_pio2f
 .text.scalbnf  0x08002f04       0xe4 /usr/lib/gcc/arm-none-eabi/16.1.0/../../../../arm-none-eabi/lib/thumb/v7e-m+fp/hard/libm.a(libm_a-sf_scalbn.o)
                0x08002f04                scalbnf
 .text.floorf   0x08002fe8       0x98 /usr/lib/gcc/arm-none-eabi/16.1.0/../../../../arm-none-eabi/lib/thumb/v7e-m+fp/hard/libm.a(libm_a-sf_floor.o)
                0x08002fe8                floorf
 *(.glue_7)
 .glue_7        0x08003080        0x0 linker stubs
 *(.glue_7t)
 .glue_7t       0x08003080        0x0 linker stubs
 *(.eh_frame)
 .eh_frame      0x08003080        0x0 /usr/lib/gcc/arm-none-eabi/16.1.0/thumb/v7e-m+fp/hard/crtbegin.o
 *(.init)
 .init          0x08003080        0x4 /usr/lib/gcc/arm-none-eabi/16.1.0/thumb/v7e-m+fp/hard/crti.o
                0x08003080                _init
 .init          0x08003084        0x8 /usr/lib/gcc/arm-none-eabi/16.1.0/thumb/v7e-m+fp/hard/crtn.o
 *(.fini)
 .fini          0x0800308c        0x4 /usr/lib/gcc/arm-none-eabi/16.1.0/thumb/v7e-m+fp/hard/crti.o
                0x0800308c                _fini
 .fini          0x08003090        0x8 /usr/lib/gcc/arm-none-eabi/16.1.0/thumb/v7e-m+fp/hard/crtn.o
                0x08003098                        . = ALIGN (0x4)
                0x08003098                        _etext = .

.vfp11_veneer   0x08003098        0x0
 .vfp11_veneer  0x08003098        0x0 linker stubs

.v4_bx          0x08003098        0x0
 .v4_bx         0x08003098        0x0 linker stubs

.iplt           0x08003098        0x0
 .iplt          0x08003098        0x0 /usr/lib/gcc/arm-none-eabi/16.1.0/thumb/v7e-m+fp/hard/crtbegin.o

.rodata         0x08003098      0x3e0
                0x08003098                        . = ALIGN (0x4)
 *(.rodata)
 *(.rodata*)
 .rodata.AHBPrescTable
                0x08003098       0x10 build/system_stm32g4xx.o
                0x08003098                AHBPrescTable
 .rodata.npio2_hw
                0x080030a8       0x80 /usr/lib/gcc/arm-none-eabi/16.1.0/../../../../arm-none-eabi/lib/thumb/v7e-m+fp/hard/libm.a(libm_a-ef_rem_pio2.o)
 .rodata.two_over_pi
                0x08003128      0x318 /usr/lib/gcc/arm-none-eabi/16.1.0/../../../../arm-none-eabi/lib/thumb/v7e-m+fp/hard/libm.a(libm_a-ef_rem_pio2.o)
 .rodata.PIo2   0x08003440       0x2c /usr/lib/gcc/arm-none-eabi/16.1.0/../../../../arm-none-eabi/lib/thumb/v7e-m+fp/hard/libm.a(libm_a-kf_rem_pio2.o)
 .rodata.init_jk
                0x0800346c        0xc /usr/lib/gcc/arm-none-eabi/16.1.0/../../../../arm-none-eabi/lib/thumb/v7e-m+fp/hard/libm.a(libm_a-kf_rem_pio2.o)
                0x08003478                        . = ALIGN (0x4)

.ARM.extab      0x08003478        0x0
                0x08003478                        . = ALIGN (0x4)
 *(.ARM.extab* .gnu.linkonce.armextab.*)
                0x08003478                        . = ALIGN (0x4)

.ARM            0x08003478        0x0
                0x08003478                        . = ALIGN (0x4)
                0x08003478                        __exidx_start = .
 *(.ARM.exidx*)
                0x08003478                        __exidx_end = .
                0x08003478                        . = ALIGN (0x4)

.preinit_array  0x08003478        0x0
                0x08003478                        . = ALIGN (0x4)
                0x08003478                        PROVIDE (__preinit_array_start = .)
 *(.preinit_array*)
                0x08003478                        PROVIDE (__preinit_array_end = .)
                0x08003478                        . = ALIGN (0x4)

.init_array     0x08003478        0x4
                0x08003478                        . = ALIGN (0x4)
                0x08003478                        PROVIDE (__init_array_start = .)
 *(SORT_BY_NAME(.init_array.*))
 *(.init_array*)
 .init_array    0x08003478        0x4 /usr/lib/gcc/arm-none-eabi/16.1.0/thumb/v7e-m+fp/hard/crtbegin.o
                0x0800347c                        PROVIDE (__init_array_end = .)
                0x0800347c                        . = ALIGN (0x4)

.fini_array     0x0800347c        0x4
                0x0800347c                        . = ALIGN (0x4)
                0x0800347c                        PROVIDE (__fini_array_start = .)
 *(SORT_BY_NAME(.fini_array.*))
 *(.fini_array*)
 .fini_array    0x0800347c        0x4 /usr/lib/gcc/arm-none-eabi/16.1.0/thumb/v7e-m+fp/hard/crtbegin.o
                0x08003480                        PROVIDE (__fini_array_end = .)
                0x08003480                        . = ALIGN (0x4)
                0x08003480                        _sidata = LOADADDR (.data)

.rel.dyn        0x08003480        0x0
 .rel.iplt      0x08003480        0x0 /usr/lib/gcc/arm-none-eabi/16.1.0/thumb/v7e-m+fp/hard/crtbegin.o

.data           0x20000000        0xc load address 0x08003480
                0x20000000                        . = ALIGN (0x4)
                0x20000000                        _sdata = .
 *(.data)
 *(.data*)
 .data.uwTickFreq
                0x20000000        0x4 build/stm32g4xx_hal.o
                0x20000000                uwTickFreq
 .data.uwTickPrio
                0x20000004        0x4 build/stm32g4xx_hal.o
                0x20000004                uwTickPrio
 .data.SystemCoreClock
                0x20000008        0x4 build/system_stm32g4xx.o
                0x20000008                SystemCoreClock
 *(.RamFunc)
 *(.RamFunc*)
                0x2000000c                        . = ALIGN (0x4)
                0x2000000c                        _edata = .

.igot.plt       0x2000000c        0x0 load address 0x0800348c
 .igot.plt      0x2000000c        0x0 /usr/lib/gcc/arm-none-eabi/16.1.0/thumb/v7e-m+fp/hard/crtbegin.o
                0x2000000c                        . = ALIGN (0x4)

.bss            0x2000000c       0x84 load address 0x0800348c
                0x2000000c                        _sbss = .
                0x2000000c                        __bss_start__ = _sbss
 *(.bss)
 *(.bss*)
 .bss.completed.1
                0x2000000c        0x1 /usr/lib/gcc/arm-none-eabi/16.1.0/thumb/v7e-m+fp/hard/crtbegin.o
 *fill*         0x2000000d        0x3 
 .bss.object.0  0x20000010       0x18 /usr/lib/gcc/arm-none-eabi/16.1.0/thumb/v7e-m+fp/hard/crtbegin.o
 .bss.theta.0   0x20000028        0x4 build/main.o
 .bss.run_time.1
                0x2000002c        0x4 build/main.o
 .bss.clock_fault_flag
                0x20000030        0x1 build/main.o
                0x20000030                clock_fault_flag
 *fill*         0x20000031        0x3 
 .bss.ol_v_amp  0x20000034        0x4 build/main.o
                0x20000034                ol_v_amp
 .bss.ol_omega_ref
                0x20000038        0x4 build/main.o
                0x20000038                ol_omega_ref
 .bss.ol_theta_e
                0x2000003c        0x4 build/main.o
                0x2000003c                ol_theta_e
 .bss.htim8     0x20000040       0x4c build/main.o
                0x20000040                htim8
 .bss.uwTick    0x2000008c        0x4 build/stm32g4xx_hal.o
                0x2000008c                uwTick
 *(COMMON)
                0x20000090                        . = ALIGN (0x4)
                0x20000090                        _ebss = .
                0x20000090                        __bss_end__ = _ebss

._user_heap_stack
                0x20000090      0x600 load address 0x0800348c
                0x20000090                        . = ALIGN (0x8)
                [!provide]                        PROVIDE (end = .)
                0x20000090                        PROVIDE (_end = .)
                0x20000290                        . = (. + _Min_Heap_Size)
 *fill*         0x20000090      0x200 
                0x20000690                        . = (. + _Min_Stack_Size)
 *fill*         0x20000290      0x400 
                0x20000690                        . = ALIGN (0x8)

/DISCARD/
 libc.a(*)
 libm.a(*)
 libgcc.a(*)
OUTPUT(build/hca1001-stm32g474re-3faz.elf elf32-littlearm)
LOAD linker stubs
LOAD /usr/lib/gcc/arm-none-eabi/16.1.0/../../../../arm-none-eabi/lib/thumb/v7e-m+fp/hard/libc.a
LOAD /usr/lib/gcc/arm-none-eabi/16.1.0/../../../../arm-none-eabi/lib/thumb/v7e-m+fp/hard/libm.a
LOAD /usr/lib/gcc/arm-none-eabi/16.1.0/thumb/v7e-m+fp/hard/libgcc.a

.ARM.attributes
                0x00000000       0x30
 .ARM.attributes
                0x00000000       0x22 /usr/lib/gcc/arm-none-eabi/16.1.0/thumb/v7e-m+fp/hard/crti.o
 .ARM.attributes
                0x00000022       0x34 /usr/lib/gcc/arm-none-eabi/16.1.0/thumb/v7e-m+fp/hard/crtbegin.o
 .ARM.attributes
                0x00000056       0x34 build/main.o
 .ARM.attributes
                0x0000008a       0x34 build/stm32g4xx_it.o
 .ARM.attributes
                0x000000be       0x34 build/stm32g4xx_hal_msp.o
 .ARM.attributes
                0x000000f2       0x34 build/stm32g4xx_hal.o
 .ARM.attributes
                0x00000126       0x34 build/stm32g4xx_hal_rcc.o
 .ARM.attributes
                0x0000015a       0x34 build/stm32g4xx_hal_gpio.o
 .ARM.attributes
                0x0000018e       0x34 build/stm32g4xx_hal_pwr_ex.o
 .ARM.attributes
                0x000001c2       0x34 build/stm32g4xx_hal_cortex.o
 .ARM.attributes
                0x000001f6       0x34 build/stm32g4xx_hal_tim.o
 .ARM.attributes
                0x0000022a       0x34 build/stm32g4xx_hal_tim_ex.o
 .ARM.attributes
                0x0000025e       0x34 build/system_stm32g4xx.o
 .ARM.attributes
                0x00000292       0x21 build/startup_stm32g474xx.o
 .ARM.attributes
                0x000002b3       0x34 /usr/lib/gcc/arm-none-eabi/16.1.0/../../../../arm-none-eabi/lib/thumb/v7e-m+fp/hard/libc_nano.a(libc_a-memset.o)
 .ARM.attributes
                0x000002e7       0x34 /usr/lib/gcc/arm-none-eabi/16.1.0/../../../../arm-none-eabi/lib/thumb/v7e-m+fp/hard/libc_nano.a(libc_a-init.o)
 .ARM.attributes
                0x0000031b       0x34 /usr/lib/gcc/arm-none-eabi/16.1.0/../../../../arm-none-eabi/lib/thumb/v7e-m+fp/hard/libm.a(libm_a-sf_cos.o)
 .ARM.attributes
                0x0000034f       0x34 /usr/lib/gcc/arm-none-eabi/16.1.0/../../../../arm-none-eabi/lib/thumb/v7e-m+fp/hard/libm.a(libm_a-sf_sin.o)
 .ARM.attributes
                0x00000383       0x34 /usr/lib/gcc/arm-none-eabi/16.1.0/../../../../arm-none-eabi/lib/thumb/v7e-m+fp/hard/libm.a(libm_a-kf_cos.o)
 .ARM.attributes
                0x000003b7       0x34 /usr/lib/gcc/arm-none-eabi/16.1.0/../../../../arm-none-eabi/lib/thumb/v7e-m+fp/hard/libm.a(libm_a-kf_sin.o)
 .ARM.attributes
                0x000003eb       0x34 /usr/lib/gcc/arm-none-eabi/16.1.0/../../../../arm-none-eabi/lib/thumb/v7e-m+fp/hard/libm.a(libm_a-ef_rem_pio2.o)
 .ARM.attributes
                0x0000041f       0x34 /usr/lib/gcc/arm-none-eabi/16.1.0/../../../../arm-none-eabi/lib/thumb/v7e-m+fp/hard/libm.a(libm_a-sf_fabs.o)
 .ARM.attributes
                0x00000453       0x34 /usr/lib/gcc/arm-none-eabi/16.1.0/../../../../arm-none-eabi/lib/thumb/v7e-m+fp/hard/libm.a(libm_a-kf_rem_pio2.o)
 .ARM.attributes
                0x00000487       0x34 /usr/lib/gcc/arm-none-eabi/16.1.0/../../../../arm-none-eabi/lib/thumb/v7e-m+fp/hard/libm.a(libm_a-sf_scalbn.o)
 .ARM.attributes
                0x000004bb       0x34 /usr/lib/gcc/arm-none-eabi/16.1.0/../../../../arm-none-eabi/lib/thumb/v7e-m+fp/hard/libm.a(libm_a-sf_floor.o)
 .ARM.attributes
                0x000004ef       0x22 /usr/lib/gcc/arm-none-eabi/16.1.0/thumb/v7e-m+fp/hard/crtn.o

.comment        0x00000000       0x1e
 .comment       0x00000000       0x1e build/main.o
                                 0x1f (size before relaxing)
 .comment       0x0000001e        0x0 build/stm32g4xx_it.o
                                 0x1f (size before relaxing)
 .comment       0x0000001e        0x0 build/stm32g4xx_hal_msp.o
                                 0x1f (size before relaxing)
 .comment       0x0000001e        0x0 build/stm32g4xx_hal.o
                                 0x1f (size before relaxing)
 .comment       0x0000001e        0x0 build/stm32g4xx_hal_rcc.o
                                 0x1f (size before relaxing)
 .comment       0x0000001e        0x0 build/stm32g4xx_hal_gpio.o
                                 0x1f (size before relaxing)
 .comment       0x0000001e        0x0 build/stm32g4xx_hal_pwr_ex.o
                                 0x1f (size before relaxing)
 .comment       0x0000001e        0x0 build/stm32g4xx_hal_cortex.o
                                 0x1f (size before relaxing)
 .comment       0x0000001e        0x0 build/stm32g4xx_hal_tim.o
                                 0x1f (size before relaxing)
 .comment       0x0000001e        0x0 build/stm32g4xx_hal_tim_ex.o
                                 0x1f (size before relaxing)
 .comment       0x0000001e        0x0 build/system_stm32g4xx.o
                                 0x1f (size before relaxing)
 .comment       0x0000001e        0x0 /usr/lib/gcc/arm-none-eabi/16.1.0/../../../../arm-none-eabi/lib/thumb/v7e-m+fp/hard/libc_nano.a(libc_a-memset.o)
                                 0x1f (size before relaxing)
 .comment       0x0000001e        0x0 /usr/lib/gcc/arm-none-eabi/16.1.0/../../../../arm-none-eabi/lib/thumb/v7e-m+fp/hard/libc_nano.a(libc_a-init.o)
                                 0x1f (size before relaxing)

.debug_info     0x00000000     0xef00
 .debug_info    0x00000000     0x1b6a build/main.o
 .debug_info    0x00001b6a      0x9d4 build/stm32g4xx_it.o
 .debug_info    0x0000253e      0xe76 build/stm32g4xx_hal_msp.o
 .debug_info    0x000033b4      0xdc4 build/stm32g4xx_hal.o
 .debug_info    0x00004178     0x1086 build/stm32g4xx_hal_rcc.o
 .debug_info    0x000051fe      0x93d build/stm32g4xx_hal_gpio.o
 .debug_info    0x00005b3b      0xb22 build/stm32g4xx_hal_pwr_ex.o
 .debug_info    0x0000665d     0x1247 build/stm32g4xx_hal_cortex.o
 .debug_info    0x000078a4     0x451d build/stm32g4xx_hal_tim.o
 .debug_info    0x0000bdc1     0x28d1 build/stm32g4xx_hal_tim_ex.o
 .debug_info    0x0000e692      0x649 build/system_stm32g4xx.o
 .debug_info    0x0000ecdb       0x30 build/startup_stm32g474xx.o
 .debug_info    0x0000ed0b       0xe5 /usr/lib/gcc/arm-none-eabi/16.1.0/../../../../arm-none-eabi/lib/thumb/v7e-m+fp/hard/libc_nano.a(libc_a-memset.o)
 .debug_info    0x0000edf0      0x110 /usr/lib/gcc/arm-none-eabi/16.1.0/../../../../arm-none-eabi/lib/thumb/v7e-m+fp/hard/libc_nano.a(libc_a-init.o)

.debug_abbrev   0x00000000     0x1d9e
 .debug_abbrev  0x00000000      0x399 build/main.o
 .debug_abbrev  0x00000399      0x1b9 build/stm32g4xx_it.o
 .debug_abbrev  0x00000552      0x22e build/stm32g4xx_hal_msp.o
 .debug_abbrev  0x00000780      0x298 build/stm32g4xx_hal.o
 .debug_abbrev  0x00000a18      0x2de build/stm32g4xx_hal_rcc.o
 .debug_abbrev  0x00000cf6      0x229 build/stm32g4xx_hal_gpio.o
 .debug_abbrev  0x00000f1f      0x263 build/stm32g4xx_hal_pwr_ex.o
 .debug_abbrev  0x00001182      0x3ca build/stm32g4xx_hal_cortex.o
 .debug_abbrev  0x0000154c      0x2cc build/stm32g4xx_hal_tim.o
 .debug_abbrev  0x00001818      0x2db build/stm32g4xx_hal_tim_ex.o
 .debug_abbrev  0x00001af3      0x11b build/system_stm32g4xx.o
 .debug_abbrev  0x00001c0e       0x1d build/startup_stm32g474xx.o
 .debug_abbrev  0x00001c2b       0xa4 /usr/lib/gcc/arm-none-eabi/16.1.0/../../../../arm-none-eabi/lib/thumb/v7e-m+fp/hard/libc_nano.a(libc_a-memset.o)
 .debug_abbrev  0x00001ccf       0xcf /usr/lib/gcc/arm-none-eabi/16.1.0/../../../../arm-none-eabi/lib/thumb/v7e-m+fp/hard/libc_nano.a(libc_a-init.o)

.debug_loc      0x00000000     0xbcca
 .debug_loc     0x00000000      0x5b7 build/main.o
 .debug_loc     0x000005b7       0x60 build/stm32g4xx_it.o
 .debug_loc     0x00000617       0xf6 build/stm32g4xx_hal_msp.o
 .debug_loc     0x0000070d      0x2c5 build/stm32g4xx_hal.o
 .debug_loc     0x000009d2      0x969 build/stm32g4xx_hal_rcc.o
 .debug_loc     0x0000133b      0x4a1 build/stm32g4xx_hal_gpio.o
 .debug_loc     0x000017dc      0x5ea build/stm32g4xx_hal_pwr_ex.o
 .debug_loc     0x00001dc6      0x888 build/stm32g4xx_hal_cortex.o
 .debug_loc     0x0000264e     0x62dc build/stm32g4xx_hal_tim.o
 .debug_loc     0x0000892a     0x3303 build/stm32g4xx_hal_tim_ex.o
 .debug_loc     0x0000bc2d       0x9d build/system_stm32g4xx.o

.debug_aranges  0x00000000      0xc10
 .debug_aranges
                0x00000000       0x58 build/main.o
 .debug_aranges
                0x00000058       0x68 build/stm32g4xx_it.o
 .debug_aranges
                0x000000c0       0x38 build/stm32g4xx_hal_msp.o
 .debug_aranges
                0x000000f8      0x148 build/stm32g4xx_hal.o
 .debug_aranges
                0x00000240       0x98 build/stm32g4xx_hal_rcc.o
 .debug_aranges
                0x000002d8       0x58 build/stm32g4xx_hal_gpio.o
 .debug_aranges
                0x00000330      0x140 build/stm32g4xx_hal_pwr_ex.o
 .debug_aranges
                0x00000470       0xf0 build/stm32g4xx_hal_cortex.o
 .debug_aranges
                0x00000560      0x3e0 build/stm32g4xx_hal_tim.o
 .debug_aranges
                0x00000940      0x240 build/stm32g4xx_hal_tim_ex.o
 .debug_aranges
                0x00000b80       0x28 build/system_stm32g4xx.o
 .debug_aranges
                0x00000ba8       0x28 build/startup_stm32g474xx.o
 .debug_aranges
                0x00000bd0       0x20 /usr/lib/gcc/arm-none-eabi/16.1.0/../../../../arm-none-eabi/lib/thumb/v7e-m+fp/hard/libc_nano.a(libc_a-memset.o)
 .debug_aranges
                0x00000bf0       0x20 /usr/lib/gcc/arm-none-eabi/16.1.0/../../../../arm-none-eabi/lib/thumb/v7e-m+fp/hard/libc_nano.a(libc_a-init.o)

.debug_ranges   0x00000000      0xb78
 .debug_ranges  0x00000000       0x90 build/main.o
 .debug_ranges  0x00000090       0x58 build/stm32g4xx_it.o
 .debug_ranges  0x000000e8       0x28 build/stm32g4xx_hal_msp.o
 .debug_ranges  0x00000110      0x138 build/stm32g4xx_hal.o
 .debug_ranges  0x00000248       0xa0 build/stm32g4xx_hal_rcc.o
 .debug_ranges  0x000002e8       0x48 build/stm32g4xx_hal_gpio.o
 .debug_ranges  0x00000330      0x130 build/stm32g4xx_hal_pwr_ex.o
 .debug_ranges  0x00000460       0xe0 build/stm32g4xx_hal_cortex.o
 .debug_ranges  0x00000540      0x3d0 build/stm32g4xx_hal_tim.o
 .debug_ranges  0x00000910      0x230 build/stm32g4xx_hal_tim_ex.o
 .debug_ranges  0x00000b40       0x18 build/system_stm32g4xx.o
 .debug_ranges  0x00000b58       0x20 build/startup_stm32g474xx.o

.debug_line     0x00000000     0xac28
 .debug_line    0x00000000      0x7c8 build/main.o
 .debug_line    0x000007c8      0x253 build/stm32g4xx_it.o
 .debug_line    0x00000a1b      0x2ac build/stm32g4xx_hal_msp.o
 .debug_line    0x00000cc7      0x684 build/stm32g4xx_hal.o
 .debug_line    0x0000134b      0xee8 build/stm32g4xx_hal_rcc.o
 .debug_line    0x00002233      0x65d build/stm32g4xx_hal_gpio.o
 .debug_line    0x00002890      0x8c0 build/stm32g4xx_hal_pwr_ex.o
 .debug_line    0x00003150      0x7b0 build/stm32g4xx_hal_cortex.o
 .debug_line    0x00003900     0x4c5e build/stm32g4xx_hal_tim.o
 .debug_line    0x0000855e     0x2229 build/stm32g4xx_hal_tim_ex.o
 .debug_line    0x0000a787      0x1e8 build/system_stm32g4xx.o
 .debug_line    0x0000a96f       0x74 build/startup_stm32g474xx.o
 .debug_line    0x0000a9e3      0x12e /usr/lib/gcc/arm-none-eabi/16.1.0/../../../../arm-none-eabi/lib/thumb/v7e-m+fp/hard/libc_nano.a(libc_a-memset.o)
 .debug_line    0x0000ab11      0x117 /usr/lib/gcc/arm-none-eabi/16.1.0/../../../../arm-none-eabi/lib/thumb/v7e-m+fp/hard/libc_nano.a(libc_a-init.o)

.debug_str      0x00000000     0x4196
 .debug_str     0x00000000     0x4196 build/main.o
                               0x1527 (size before relaxing)
 .debug_str     0x00004196        0x0 build/stm32g4xx_it.o
                                0x882 (size before relaxing)
 .debug_str     0x00004196        0x0 build/stm32g4xx_hal_msp.o
                                0xa0c (size before relaxing)
 .debug_str     0x00004196        0x0 build/stm32g4xx_hal.o
                                0xe31 (size before relaxing)
 .debug_str     0x00004196        0x0 build/stm32g4xx_hal_rcc.o
                                0x847 (size before relaxing)
 .debug_str     0x00004196        0x0 build/stm32g4xx_hal_gpio.o
                                0x532 (size before relaxing)
 .debug_str     0x00004196        0x0 build/stm32g4xx_hal_pwr_ex.o
                                0x7d4 (size before relaxing)
 .debug_str     0x00004196        0x0 build/stm32g4xx_hal_cortex.o
                                0xd87 (size before relaxing)
 .debug_str     0x00004196        0x0 build/stm32g4xx_hal_tim.o
                               0x1897 (size before relaxing)
 .debug_str     0x00004196        0x0 build/stm32g4xx_hal_tim_ex.o
                               0x150a (size before relaxing)
 .debug_str     0x00004196        0x0 build/system_stm32g4xx.o
                                0x3b9 (size before relaxing)
 .debug_str     0x00004196        0x0 build/startup_stm32g474xx.o
                                 0x77 (size before relaxing)
 .debug_str     0x00004196        0x0 /usr/lib/gcc/arm-none-eabi/16.1.0/../../../../arm-none-eabi/lib/thumb/v7e-m+fp/hard/libc_nano.a(libc_a-memset.o)
                                0x1bf (size before relaxing)
 .debug_str     0x00004196        0x0 /usr/lib/gcc/arm-none-eabi/16.1.0/../../../../arm-none-eabi/lib/thumb/v7e-m+fp/hard/libc_nano.a(libc_a-init.o)
                                0x220 (size before relaxing)

.debug_frame    0x00000000     0x1ea0
 .debug_frame   0x00000000      0x104 build/main.o
 .debug_frame   0x00000104       0xc8 build/stm32g4xx_it.o
 .debug_frame   0x000001cc       0x78 build/stm32g4xx_hal_msp.o
 .debug_frame   0x00000244      0x2a4 build/stm32g4xx_hal.o
 .debug_frame   0x000004e8      0x184 build/stm32g4xx_hal_rcc.o
 .debug_frame   0x0000066c       0xd0 build/stm32g4xx_hal_gpio.o
 .debug_frame   0x0000073c      0x268 build/stm32g4xx_hal_pwr_ex.o
 .debug_frame   0x000009a4      0x204 build/stm32g4xx_hal_cortex.o
 .debug_frame   0x00000ba8      0xaf4 build/stm32g4xx_hal_tim.o
 .debug_frame   0x0000169c      0x5e0 build/stm32g4xx_hal_tim_ex.o
 .debug_frame   0x00001c7c       0x30 build/system_stm32g4xx.o
 .debug_frame   0x00001cac       0x20 /usr/lib/gcc/arm-none-eabi/16.1.0/../../../../arm-none-eabi/lib/thumb/v7e-m+fp/hard/libc_nano.a(libc_a-memset.o)
 .debug_frame   0x00001ccc       0x2c /usr/lib/gcc/arm-none-eabi/16.1.0/../../../../arm-none-eabi/lib/thumb/v7e-m+fp/hard/libc_nano.a(libc_a-init.o)
 .debug_frame   0x00001cf8       0x34 /usr/lib/gcc/arm-none-eabi/16.1.0/../../../../arm-none-eabi/lib/thumb/v7e-m+fp/hard/libm.a(libm_a-sf_cos.o)
 .debug_frame   0x00001d2c       0x34 /usr/lib/gcc/arm-none-eabi/16.1.0/../../../../arm-none-eabi/lib/thumb/v7e-m+fp/hard/libm.a(libm_a-sf_sin.o)
 .debug_frame   0x00001d60       0x20 /usr/lib/gcc/arm-none-eabi/16.1.0/../../../../arm-none-eabi/lib/thumb/v7e-m+fp/hard/libm.a(libm_a-kf_cos.o)
 .debug_frame   0x00001d80       0x20 /usr/lib/gcc/arm-none-eabi/16.1.0/../../../../arm-none-eabi/lib/thumb/v7e-m+fp/hard/libm.a(libm_a-kf_sin.o)
 .debug_frame   0x00001da0       0x38 /usr/lib/gcc/arm-none-eabi/16.1.0/../../../../arm-none-eabi/lib/thumb/v7e-m+fp/hard/libm.a(libm_a-ef_rem_pio2.o)
 .debug_frame   0x00001dd8       0x20 /usr/lib/gcc/arm-none-eabi/16.1.0/../../../../arm-none-eabi/lib/thumb/v7e-m+fp/hard/libm.a(libm_a-sf_fabs.o)
 .debug_frame   0x00001df8       0x68 /usr/lib/gcc/arm-none-eabi/16.1.0/../../../../arm-none-eabi/lib/thumb/v7e-m+fp/hard/libm.a(libm_a-kf_rem_pio2.o)
 .debug_frame   0x00001e60       0x20 /usr/lib/gcc/arm-none-eabi/16.1.0/../../../../arm-none-eabi/lib/thumb/v7e-m+fp/hard/libm.a(libm_a-sf_scalbn.o)
 .debug_frame   0x00001e80       0x20 /usr/lib/gcc/arm-none-eabi/16.1.0/../../../../arm-none-eabi/lib/thumb/v7e-m+fp/hard/libm.a(libm_a-sf_floor.o)

.debug_loclists
                0x00000000     0x1510
 .debug_loclists
                0x00000000       0x4d /usr/lib/gcc/arm-none-eabi/16.1.0/../../../../arm-none-eabi/lib/thumb/v7e-m+fp/hard/libc_nano.a(libc_a-memset.o)
 .debug_loclists
                0x0000004d       0x48 /usr/lib/gcc/arm-none-eabi/16.1.0/../../../../arm-none-eabi/lib/thumb/v7e-m+fp/hard/libc_nano.a(libc_a-init.o)
 .debug_loclists
                0x00000095       0x75 /usr/lib/gcc/arm-none-eabi/16.1.0/../../../../arm-none-eabi/lib/thumb/v7e-m+fp/hard/libm.a(libm_a-sf_cos.o)
 .debug_loclists
                0x0000010a       0x75 /usr/lib/gcc/arm-none-eabi/16.1.0/../../../../arm-none-eabi/lib/thumb/v7e-m+fp/hard/libm.a(libm_a-sf_sin.o)
 .debug_loclists
                0x0000017f      0x15e /usr/lib/gcc/arm-none-eabi/16.1.0/../../../../arm-none-eabi/lib/thumb/v7e-m+fp/hard/libm.a(libm_a-kf_cos.o)
 .debug_loclists
                0x000002dd       0xbf /usr/lib/gcc/arm-none-eabi/16.1.0/../../../../arm-none-eabi/lib/thumb/v7e-m+fp/hard/libm.a(libm_a-kf_sin.o)
 .debug_loclists
                0x0000039c      0x420 /usr/lib/gcc/arm-none-eabi/16.1.0/../../../../arm-none-eabi/lib/thumb/v7e-m+fp/hard/libm.a(libm_a-ef_rem_pio2.o)
 .debug_loclists
                0x000007bc       0x4e /usr/lib/gcc/arm-none-eabi/16.1.0/../../../../arm-none-eabi/lib/thumb/v7e-m+fp/hard/libm.a(libm_a-sf_fabs.o)
 .debug_loclists
                0x0000080a      0x9b1 /usr/lib/gcc/arm-none-eabi/16.1.0/../../../../arm-none-eabi/lib/thumb/v7e-m+fp/hard/libm.a(libm_a-kf_rem_pio2.o)
 .debug_loclists
                0x000011bb      0x273 /usr/lib/gcc/arm-none-eabi/16.1.0/../../../../arm-none-eabi/lib/thumb/v7e-m+fp/hard/libm.a(libm_a-sf_scalbn.o)
 .debug_loclists
                0x0000142e       0xe2 /usr/lib/gcc/arm-none-eabi/16.1.0/../../../../arm-none-eabi/lib/thumb/v7e-m+fp/hard/libm.a(libm_a-sf_floor.o)

.debug_rnglists
                0x00000000      0x113
 .debug_rnglists
                0x00000000       0x13 /usr/lib/gcc/arm-none-eabi/16.1.0/../../../../arm-none-eabi/lib/thumb/v7e-m+fp/hard/libc_nano.a(libc_a-memset.o)
 .debug_rnglists
                0x00000013       0x13 /usr/lib/gcc/arm-none-eabi/16.1.0/../../../../arm-none-eabi/lib/thumb/v7e-m+fp/hard/libc_nano.a(libc_a-init.o)
 .debug_rnglists
                0x00000026       0x13 /usr/lib/gcc/arm-none-eabi/16.1.0/../../../../arm-none-eabi/lib/thumb/v7e-m+fp/hard/libm.a(libm_a-sf_cos.o)
 .debug_rnglists
                0x00000039       0x13 /usr/lib/gcc/arm-none-eabi/16.1.0/../../../../arm-none-eabi/lib/thumb/v7e-m+fp/hard/libm.a(libm_a-sf_sin.o)
 .debug_rnglists
                0x0000004c       0x14 /usr/lib/gcc/arm-none-eabi/16.1.0/../../../../arm-none-eabi/lib/thumb/v7e-m+fp/hard/libm.a(libm_a-kf_cos.o)
 .debug_rnglists
                0x00000060       0x14 /usr/lib/gcc/arm-none-eabi/16.1.0/../../../../arm-none-eabi/lib/thumb/v7e-m+fp/hard/libm.a(libm_a-kf_sin.o)
 .debug_rnglists
                0x00000074       0x2c /usr/lib/gcc/arm-none-eabi/16.1.0/../../../../arm-none-eabi/lib/thumb/v7e-m+fp/hard/libm.a(libm_a-ef_rem_pio2.o)
 .debug_rnglists
                0x000000a0       0x13 /usr/lib/gcc/arm-none-eabi/16.1.0/../../../../arm-none-eabi/lib/thumb/v7e-m+fp/hard/libm.a(libm_a-sf_fabs.o)
 .debug_rnglists
                0x000000b3       0x14 /usr/lib/gcc/arm-none-eabi/16.1.0/../../../../arm-none-eabi/lib/thumb/v7e-m+fp/hard/libm.a(libm_a-kf_rem_pio2.o)
 .debug_rnglists
                0x000000c7       0x38 /usr/lib/gcc/arm-none-eabi/16.1.0/../../../../arm-none-eabi/lib/thumb/v7e-m+fp/hard/libm.a(libm_a-sf_scalbn.o)
 .debug_rnglists
                0x000000ff       0x14 /usr/lib/gcc/arm-none-eabi/16.1.0/../../../../arm-none-eabi/lib/thumb/v7e-m+fp/hard/libm.a(libm_a-sf_floor.o)

Cross Reference Table

Symbol                                            File
ADC1_2_IRQHandler                                 build/startup_stm32g474xx.o
ADC3_IRQHandler                                   build/startup_stm32g474xx.o
ADC4_IRQHandler                                   build/startup_stm32g474xx.o
ADC5_IRQHandler                                   build/startup_stm32g474xx.o
AHBPrescTable                                     build/system_stm32g4xx.o
                                                  build/stm32g4xx_hal_rcc.o
APBPrescTable                                     build/system_stm32g4xx.o
                                                  build/stm32g4xx_hal_rcc.o
BSP_GetBoardID                                    build/stm32g4xx_nucleo.o
BSP_GetBoardName                                  build/stm32g4xx_nucleo.o
BSP_GetVersion                                    build/stm32g4xx_nucleo.o
BSP_LED_DeInit                                    build/stm32g4xx_nucleo.o
BSP_LED_GetState                                  build/stm32g4xx_nucleo.o
BSP_LED_Init                                      build/stm32g4xx_nucleo.o
BSP_LED_Off                                       build/stm32g4xx_nucleo.o
BSP_LED_On                                        build/stm32g4xx_nucleo.o
BSP_LED_Toggle                                    build/stm32g4xx_nucleo.o
BSP_PB_Callback                                   build/stm32g4xx_nucleo.o
BSP_PB_DeInit                                     build/stm32g4xx_nucleo.o
BSP_PB_GetState                                   build/stm32g4xx_nucleo.o
BSP_PB_IRQHandler                                 build/stm32g4xx_nucleo.o
BSP_PB_Init                                       build/stm32g4xx_nucleo.o
BusFault_Handler                                  build/stm32g4xx_it.o
COMP1_2_3_IRQHandler                              build/startup_stm32g474xx.o
COMP4_5_6_IRQHandler                              build/startup_stm32g474xx.o
COMP7_IRQHandler                                  build/startup_stm32g474xx.o
CORDIC_IRQHandler                                 build/startup_stm32g474xx.o
CRS_IRQHandler                                    build/startup_stm32g474xx.o
DMA1_Channel1_IRQHandler                          build/startup_stm32g474xx.o
DMA1_Channel2_IRQHandler                          build/startup_stm32g474xx.o
DMA1_Channel3_IRQHandler                          build/startup_stm32g474xx.o
DMA1_Channel4_IRQHandler                          build/startup_stm32g474xx.o
DMA1_Channel5_IRQHandler                          build/startup_stm32g474xx.o
DMA1_Channel6_IRQHandler                          build/startup_stm32g474xx.o
DMA1_Channel7_IRQHandler                          build/startup_stm32g474xx.o
DMA1_Channel8_IRQHandler                          build/startup_stm32g474xx.o
DMA2_Channel1_IRQHandler                          build/startup_stm32g474xx.o
DMA2_Channel2_IRQHandler                          build/startup_stm32g474xx.o
DMA2_Channel3_IRQHandler                          build/startup_stm32g474xx.o
DMA2_Channel4_IRQHandler                          build/startup_stm32g474xx.o
DMA2_Channel5_IRQHandler                          build/startup_stm32g474xx.o
DMA2_Channel6_IRQHandler                          build/startup_stm32g474xx.o
DMA2_Channel7_IRQHandler                          build/startup_stm32g474xx.o
DMA2_Channel8_IRQHandler                          build/startup_stm32g474xx.o
DMAMUX_OVR_IRQHandler                             build/startup_stm32g474xx.o
DebugMon_Handler                                  build/stm32g4xx_it.o
Default_Handler                                   build/startup_stm32g474xx.o
EXTI0_IRQHandler                                  build/startup_stm32g474xx.o
EXTI15_10_IRQHandler                              build/startup_stm32g474xx.o
EXTI1_IRQHandler                                  build/startup_stm32g474xx.o
EXTI2_IRQHandler                                  build/startup_stm32g474xx.o
EXTI3_IRQHandler                                  build/startup_stm32g474xx.o
EXTI4_IRQHandler                                  build/startup_stm32g474xx.o
EXTI9_5_IRQHandler                                build/startup_stm32g474xx.o
Error_Handler                                     build/main.o
FDCAN1_IT0_IRQHandler                             build/startup_stm32g474xx.o
FDCAN1_IT1_IRQHandler                             build/startup_stm32g474xx.o
FDCAN2_IT0_IRQHandler                             build/startup_stm32g474xx.o
FDCAN2_IT1_IRQHandler                             build/startup_stm32g474xx.o
FDCAN3_IT0_IRQHandler                             build/startup_stm32g474xx.o
FDCAN3_IT1_IRQHandler                             build/startup_stm32g474xx.o
FLASH_FlushCaches                                 build/stm32g4xx_hal_flash_ex.o
                                                  build/stm32g4xx_hal_flash.o
FLASH_IRQHandler                                  build/startup_stm32g474xx.o
FLASH_PageErase                                   build/stm32g4xx_hal_flash_ex.o
                                                  build/stm32g4xx_hal_flash.o
FLASH_WaitForLastOperation                        build/stm32g4xx_hal_flash.o
                                                  build/stm32g4xx_hal_flash_ex.o
FMAC_IRQHandler                                   build/startup_stm32g474xx.o
FMC_IRQHandler                                    build/startup_stm32g474xx.o
FPU_IRQHandler                                    build/startup_stm32g474xx.o
HAL_DBGMCU_DisableDBGSleepMode                    build/stm32g4xx_hal.o
HAL_DBGMCU_DisableDBGStandbyMode                  build/stm32g4xx_hal.o
HAL_DBGMCU_DisableDBGStopMode                     build/stm32g4xx_hal.o
HAL_DBGMCU_EnableDBGSleepMode                     build/stm32g4xx_hal.o
HAL_DBGMCU_EnableDBGStandbyMode                   build/stm32g4xx_hal.o
HAL_DBGMCU_EnableDBGStopMode                      build/stm32g4xx_hal.o
HAL_DMAEx_ConfigMuxRequestGenerator               build/stm32g4xx_hal_dma_ex.o
HAL_DMAEx_ConfigMuxSync                           build/stm32g4xx_hal_dma_ex.o
HAL_DMAEx_DisableMuxRequestGenerator              build/stm32g4xx_hal_dma_ex.o
HAL_DMAEx_EnableMuxRequestGenerator               build/stm32g4xx_hal_dma_ex.o
HAL_DMAEx_MUX_IRQHandler                          build/stm32g4xx_hal_dma_ex.o
HAL_DMA_Abort                                     build/stm32g4xx_hal_dma.o
HAL_DMA_Abort_IT                                  build/stm32g4xx_hal_dma.o
                                                  build/stm32g4xx_hal_tim_ex.o
                                                  build/stm32g4xx_hal_tim.o
HAL_DMA_DeInit                                    build/stm32g4xx_hal_dma.o
HAL_DMA_GetError                                  build/stm32g4xx_hal_dma.o
HAL_DMA_GetState                                  build/stm32g4xx_hal_dma.o
HAL_DMA_IRQHandler                                build/stm32g4xx_hal_dma.o
HAL_DMA_Init                                      build/stm32g4xx_hal_dma.o
HAL_DMA_PollForTransfer                           build/stm32g4xx_hal_dma.o
HAL_DMA_RegisterCallback                          build/stm32g4xx_hal_dma.o
HAL_DMA_Start                                     build/stm32g4xx_hal_dma.o
HAL_DMA_Start_IT                                  build/stm32g4xx_hal_dma.o
                                                  build/stm32g4xx_hal_tim_ex.o
                                                  build/stm32g4xx_hal_tim.o
HAL_DMA_UnRegisterCallback                        build/stm32g4xx_hal_dma.o
HAL_DeInit                                        build/stm32g4xx_hal.o
HAL_Delay                                         build/stm32g4xx_hal.o
HAL_EXTI_ClearConfigLine                          build/stm32g4xx_hal_exti.o
HAL_EXTI_ClearPending                             build/stm32g4xx_hal_exti.o
HAL_EXTI_GenerateSWI                              build/stm32g4xx_hal_exti.o
HAL_EXTI_GetConfigLine                            build/stm32g4xx_hal_exti.o
HAL_EXTI_GetHandle                                build/stm32g4xx_hal_exti.o
                                                  build/stm32g4xx_nucleo.o
HAL_EXTI_GetPending                               build/stm32g4xx_hal_exti.o
HAL_EXTI_IRQHandler                               build/stm32g4xx_hal_exti.o
                                                  build/stm32g4xx_nucleo.o
HAL_EXTI_RegisterCallback                         build/stm32g4xx_hal_exti.o
                                                  build/stm32g4xx_nucleo.o
HAL_EXTI_SetConfigLine                            build/stm32g4xx_hal_exti.o
HAL_FLASHEx_DisableDebugger                       build/stm32g4xx_hal_flash_ex.o
HAL_FLASHEx_DisableRunPowerDown                   build/stm32g4xx_hal_flash_ramfunc.o
HAL_FLASHEx_EnableDebugger                        build/stm32g4xx_hal_flash_ex.o
HAL_FLASHEx_EnableRunPowerDown                    build/stm32g4xx_hal_flash_ramfunc.o
HAL_FLASHEx_EnableSecMemProtection                build/stm32g4xx_hal_flash_ex.o
HAL_FLASHEx_Erase                                 build/stm32g4xx_hal_flash_ex.o
HAL_FLASHEx_Erase_IT                              build/stm32g4xx_hal_flash_ex.o
HAL_FLASHEx_OBGetConfig                           build/stm32g4xx_hal_flash_ex.o
HAL_FLASHEx_OBProgram                             build/stm32g4xx_hal_flash_ex.o
HAL_FLASHEx_OB_DBankConfig                        build/stm32g4xx_hal_flash_ramfunc.o
HAL_FLASH_EndOfOperationCallback                  build/stm32g4xx_hal_flash.o
HAL_FLASH_GetError                                build/stm32g4xx_hal_flash.o
HAL_FLASH_IRQHandler                              build/stm32g4xx_hal_flash.o
HAL_FLASH_Lock                                    build/stm32g4xx_hal_flash.o
HAL_FLASH_OB_Launch                               build/stm32g4xx_hal_flash.o
HAL_FLASH_OB_Lock                                 build/stm32g4xx_hal_flash.o
HAL_FLASH_OB_Unlock                               build/stm32g4xx_hal_flash.o
HAL_FLASH_OperationErrorCallback                  build/stm32g4xx_hal_flash.o
HAL_FLASH_Program                                 build/stm32g4xx_hal_flash.o
HAL_FLASH_Program_IT                              build/stm32g4xx_hal_flash.o
HAL_FLASH_Unlock                                  build/stm32g4xx_hal_flash.o
HAL_GPIO_DeInit                                   build/stm32g4xx_hal_gpio.o
                                                  build/stm32g4xx_nucleo.o
HAL_GPIO_EXTI_Callback                            build/stm32g4xx_hal_gpio.o
HAL_GPIO_EXTI_IRQHandler                          build/stm32g4xx_hal_gpio.o
HAL_GPIO_Init                                     build/stm32g4xx_hal_gpio.o
                                                  build/stm32g4xx_hal_rcc_ex.o
                                                  build/stm32g4xx_hal_rcc.o
                                                  build/stm32g4xx_nucleo.o
                                                  build/stm32g4xx_hal_msp.o
HAL_GPIO_LockPin                                  build/stm32g4xx_hal_gpio.o
HAL_GPIO_ReadPin                                  build/stm32g4xx_hal_gpio.o
                                                  build/stm32g4xx_nucleo.o
HAL_GPIO_TogglePin                                build/stm32g4xx_hal_gpio.o
                                                  build/stm32g4xx_nucleo.o
HAL_GPIO_WritePin                                 build/stm32g4xx_hal_gpio.o
                                                  build/stm32g4xx_nucleo.o
HAL_GetDEVID                                      build/stm32g4xx_hal.o
HAL_GetHalVersion                                 build/stm32g4xx_hal.o
HAL_GetREVID                                      build/stm32g4xx_hal.o
HAL_GetTick                                       build/stm32g4xx_hal.o
                                                  build/stm32g4xx_hal_tim_ex.o
                                                  build/stm32g4xx_hal_dma.o
                                                  build/stm32g4xx_hal_flash.o
                                                  build/stm32g4xx_hal_rcc_ex.o
                                                  build/stm32g4xx_hal_rcc.o
HAL_GetTickFreq                                   build/stm32g4xx_hal.o
HAL_GetTickPrio                                   build/stm32g4xx_hal.o
HAL_GetUIDw0                                      build/stm32g4xx_hal.o
HAL_GetUIDw1                                      build/stm32g4xx_hal.o
HAL_GetUIDw2                                      build/stm32g4xx_hal.o
HAL_IncTick                                       build/stm32g4xx_hal.o
                                                  build/stm32g4xx_it.o
HAL_Init                                          build/stm32g4xx_hal.o
                                                  build/main.o
HAL_InitTick                                      build/stm32g4xx_hal.o
                                                  build/stm32g4xx_hal_rcc.o
HAL_MPU_ConfigRegion                              build/stm32g4xx_hal_cortex.o
HAL_MPU_Disable                                   build/stm32g4xx_hal_cortex.o
HAL_MPU_DisableRegion                             build/stm32g4xx_hal_cortex.o
HAL_MPU_Enable                                    build/stm32g4xx_hal_cortex.o
HAL_MPU_EnableRegion                              build/stm32g4xx_hal_cortex.o
HAL_MspDeInit                                     build/stm32g4xx_hal.o
HAL_MspInit                                       build/stm32g4xx_hal_msp.o
HAL_NVIC_ClearPendingIRQ                          build/stm32g4xx_hal_cortex.o
HAL_NVIC_DisableIRQ                               build/stm32g4xx_hal_cortex.o
                                                  build/stm32g4xx_nucleo.o
HAL_NVIC_EnableIRQ                                build/stm32g4xx_hal_cortex.o
                                                  build/stm32g4xx_nucleo.o
                                                  build/main.o
HAL_NVIC_GetActive                                build/stm32g4xx_hal_cortex.o
HAL_NVIC_GetPendingIRQ                            build/stm32g4xx_hal_cortex.o
HAL_NVIC_GetPriority                              build/stm32g4xx_hal_cortex.o
HAL_NVIC_GetPriorityGrouping                      build/stm32g4xx_hal_cortex.o
HAL_NVIC_SetPendingIRQ                            build/stm32g4xx_hal_cortex.o
HAL_NVIC_SetPriority                              build/stm32g4xx_hal_cortex.o
                                                  build/stm32g4xx_hal.o
                                                  build/stm32g4xx_nucleo.o
                                                  build/main.o
HAL_NVIC_SetPriorityGrouping                      build/stm32g4xx_hal_cortex.o
                                                  build/stm32g4xx_hal.o
HAL_NVIC_SystemReset                              build/stm32g4xx_hal_cortex.o
HAL_PWREx_ConfigPVM                               build/stm32g4xx_hal_pwr_ex.o
HAL_PWREx_ControlVoltageScaling                   build/stm32g4xx_hal_pwr_ex.o
                                                  build/main.o
HAL_PWREx_DisableBatteryCharging                  build/stm32g4xx_hal_pwr_ex.o
HAL_PWREx_DisableGPIOPullDown                     build/stm32g4xx_hal_pwr_ex.o
HAL_PWREx_DisableGPIOPullUp                       build/stm32g4xx_hal_pwr_ex.o
HAL_PWREx_DisableInternalWakeUpLine               build/stm32g4xx_hal_pwr_ex.o
HAL_PWREx_DisableLowPowerRunMode                  build/stm32g4xx_hal_pwr_ex.o
                                                  build/stm32g4xx_hal_pwr.o
HAL_PWREx_DisablePVM1                             build/stm32g4xx_hal_pwr_ex.o
HAL_PWREx_DisablePVM2                             build/stm32g4xx_hal_pwr_ex.o
HAL_PWREx_DisablePVM3                             build/stm32g4xx_hal_pwr_ex.o
HAL_PWREx_DisablePVM4                             build/stm32g4xx_hal_pwr_ex.o
HAL_PWREx_DisablePullUpPullDownConfig             build/stm32g4xx_hal_pwr_ex.o
HAL_PWREx_DisableSRAM2ContentRetention            build/stm32g4xx_hal_pwr_ex.o
HAL_PWREx_DisableUCPDDeadBattery                  build/stm32g4xx_hal_pwr_ex.o
                                                  build/stm32g4xx_hal_msp.o
HAL_PWREx_DisableUCPDStandbyMode                  build/stm32g4xx_hal_pwr_ex.o
HAL_PWREx_EnableBatteryCharging                   build/stm32g4xx_hal_pwr_ex.o
HAL_PWREx_EnableGPIOPullDown                      build/stm32g4xx_hal_pwr_ex.o
HAL_PWREx_EnableGPIOPullUp                        build/stm32g4xx_hal_pwr_ex.o
HAL_PWREx_EnableInternalWakeUpLine                build/stm32g4xx_hal_pwr_ex.o
HAL_PWREx_EnableLowPowerRunMode                   build/stm32g4xx_hal_pwr_ex.o
                                                  build/stm32g4xx_hal_pwr.o
HAL_PWREx_EnablePVM1                              build/stm32g4xx_hal_pwr_ex.o
HAL_PWREx_EnablePVM2                              build/stm32g4xx_hal_pwr_ex.o
HAL_PWREx_EnablePVM3                              build/stm32g4xx_hal_pwr_ex.o
HAL_PWREx_EnablePVM4                              build/stm32g4xx_hal_pwr_ex.o
HAL_PWREx_EnablePullUpPullDownConfig              build/stm32g4xx_hal_pwr_ex.o
HAL_PWREx_EnableSRAM2ContentRetention             build/stm32g4xx_hal_pwr_ex.o
HAL_PWREx_EnableUCPDDeadBattery                   build/stm32g4xx_hal_pwr_ex.o
HAL_PWREx_EnableUCPDStandbyMode                   build/stm32g4xx_hal_pwr_ex.o
HAL_PWREx_EnterSHUTDOWNMode                       build/stm32g4xx_hal_pwr_ex.o
HAL_PWREx_EnterSTOP0Mode                          build/stm32g4xx_hal_pwr_ex.o
                                                  build/stm32g4xx_hal_pwr.o
HAL_PWREx_EnterSTOP1Mode                          build/stm32g4xx_hal_pwr_ex.o
                                                  build/stm32g4xx_hal_pwr.o
HAL_PWREx_GetVoltageRange                         build/stm32g4xx_hal_pwr_ex.o
HAL_PWREx_PVD_PVM_IRQHandler                      build/stm32g4xx_hal_pwr_ex.o
HAL_PWREx_PVM1Callback                            build/stm32g4xx_hal_pwr_ex.o
HAL_PWREx_PVM2Callback                            build/stm32g4xx_hal_pwr_ex.o
HAL_PWREx_PVM3Callback                            build/stm32g4xx_hal_pwr_ex.o
HAL_PWREx_PVM4Callback                            build/stm32g4xx_hal_pwr_ex.o
HAL_PWR_ConfigPVD                                 build/stm32g4xx_hal_pwr.o
HAL_PWR_DeInit                                    build/stm32g4xx_hal_pwr.o
HAL_PWR_DisableBkUpAccess                         build/stm32g4xx_hal_pwr.o
                                                  build/stm32g4xx_hal_rcc_ex.o
HAL_PWR_DisablePVD                                build/stm32g4xx_hal_pwr.o
HAL_PWR_DisableSEVOnPend                          build/stm32g4xx_hal_pwr.o
HAL_PWR_DisableSleepOnExit                        build/stm32g4xx_hal_pwr.o
HAL_PWR_DisableWakeUpPin                          build/stm32g4xx_hal_pwr.o
HAL_PWR_EnableBkUpAccess                          build/stm32g4xx_hal_pwr.o
                                                  build/stm32g4xx_hal_rcc_ex.o
HAL_PWR_EnablePVD                                 build/stm32g4xx_hal_pwr.o
HAL_PWR_EnableSEVOnPend                           build/stm32g4xx_hal_pwr.o
HAL_PWR_EnableSleepOnExit                         build/stm32g4xx_hal_pwr.o
HAL_PWR_EnableWakeUpPin                           build/stm32g4xx_hal_pwr.o
HAL_PWR_EnterSLEEPMode                            build/stm32g4xx_hal_pwr.o
HAL_PWR_EnterSTANDBYMode                          build/stm32g4xx_hal_pwr.o
HAL_PWR_EnterSTOPMode                             build/stm32g4xx_hal_pwr.o
HAL_PWR_PVDCallback                               build/stm32g4xx_hal_pwr.o
                                                  build/stm32g4xx_hal_pwr_ex.o
HAL_RCCEx_CRSConfig                               build/stm32g4xx_hal_rcc_ex.o
HAL_RCCEx_CRSGetSynchronizationInfo               build/stm32g4xx_hal_rcc_ex.o
HAL_RCCEx_CRSSoftwareSynchronizationGenerate      build/stm32g4xx_hal_rcc_ex.o
HAL_RCCEx_CRSWaitSynchronization                  build/stm32g4xx_hal_rcc_ex.o
HAL_RCCEx_CRS_ErrorCallback                       build/stm32g4xx_hal_rcc_ex.o
HAL_RCCEx_CRS_ExpectedSyncCallback                build/stm32g4xx_hal_rcc_ex.o
HAL_RCCEx_CRS_IRQHandler                          build/stm32g4xx_hal_rcc_ex.o
HAL_RCCEx_CRS_SyncOkCallback                      build/stm32g4xx_hal_rcc_ex.o
HAL_RCCEx_CRS_SyncWarnCallback                    build/stm32g4xx_hal_rcc_ex.o
HAL_RCCEx_DisableLSCO                             build/stm32g4xx_hal_rcc_ex.o
HAL_RCCEx_DisableLSECSS                           build/stm32g4xx_hal_rcc_ex.o
HAL_RCCEx_EnableLSCO                              build/stm32g4xx_hal_rcc_ex.o
HAL_RCCEx_EnableLSECSS                            build/stm32g4xx_hal_rcc_ex.o
HAL_RCCEx_EnableLSECSS_IT                         build/stm32g4xx_hal_rcc_ex.o
HAL_RCCEx_GetPeriphCLKConfig                      build/stm32g4xx_hal_rcc_ex.o
HAL_RCCEx_GetPeriphCLKFreq                        build/stm32g4xx_hal_rcc_ex.o
HAL_RCCEx_LSECSS_Callback                         build/stm32g4xx_hal_rcc_ex.o
HAL_RCCEx_LSECSS_IRQHandler                       build/stm32g4xx_hal_rcc_ex.o
HAL_RCCEx_PeriphCLKConfig                         build/stm32g4xx_hal_rcc_ex.o
HAL_RCC_CSSCallback                               build/main.o
HAL_RCC_ClockConfig                               build/stm32g4xx_hal_rcc.o
                                                  build/main.o
HAL_RCC_DeInit                                    build/stm32g4xx_hal_rcc.o
HAL_RCC_DisableLSECSS                             build/stm32g4xx_hal_rcc.o
HAL_RCC_EnableCSS                                 build/stm32g4xx_hal_rcc.o
                                                  build/main.o
HAL_RCC_EnableLSECSS                              build/stm32g4xx_hal_rcc.o
HAL_RCC_GetClockConfig                            build/stm32g4xx_hal_rcc.o
HAL_RCC_GetHCLKFreq                               build/stm32g4xx_hal_rcc.o
HAL_RCC_GetOscConfig                              build/stm32g4xx_hal_rcc.o
HAL_RCC_GetPCLK1Freq                              build/stm32g4xx_hal_rcc.o
                                                  build/stm32g4xx_hal_rcc_ex.o
HAL_RCC_GetPCLK2Freq                              build/stm32g4xx_hal_rcc.o
                                                  build/stm32g4xx_hal_rcc_ex.o
HAL_RCC_GetSysClockFreq                           build/stm32g4xx_hal_rcc.o
                                                  build/stm32g4xx_hal_rcc_ex.o
HAL_RCC_MCOConfig                                 build/stm32g4xx_hal_rcc.o
HAL_RCC_NMI_IRQHandler                            build/stm32g4xx_hal_rcc.o
                                                  build/stm32g4xx_it.o
HAL_RCC_OscConfig                                 build/stm32g4xx_hal_rcc.o
                                                  build/main.o
HAL_ResumeTick                                    build/stm32g4xx_hal.o
HAL_SYSCFG_CCMSRAMErase                           build/stm32g4xx_hal.o
HAL_SYSCFG_CCMSRAM_WriteProtectionEnable          build/stm32g4xx_hal.o
HAL_SYSCFG_DisableIOSwitchBooster                 build/stm32g4xx_hal.o
HAL_SYSCFG_DisableIOSwitchVDD                     build/stm32g4xx_hal.o
HAL_SYSCFG_DisableMemorySwappingBank              build/stm32g4xx_hal.o
HAL_SYSCFG_DisableVREFBUF                         build/stm32g4xx_hal.o
HAL_SYSCFG_EnableIOSwitchBooster                  build/stm32g4xx_hal.o
HAL_SYSCFG_EnableIOSwitchVDD                      build/stm32g4xx_hal.o
HAL_SYSCFG_EnableMemorySwappingBank               build/stm32g4xx_hal.o
HAL_SYSCFG_EnableVREFBUF                          build/stm32g4xx_hal.o
HAL_SYSCFG_VREFBUF_HighImpedanceConfig            build/stm32g4xx_hal.o
HAL_SYSCFG_VREFBUF_TrimmingConfig                 build/stm32g4xx_hal.o
HAL_SYSCFG_VREFBUF_VoltageScalingConfig           build/stm32g4xx_hal.o
HAL_SYSTICK_CLKSourceConfig                       build/stm32g4xx_hal_cortex.o
HAL_SYSTICK_Callback                              build/stm32g4xx_hal_cortex.o
HAL_SYSTICK_Config                                build/stm32g4xx_hal_cortex.o
                                                  build/stm32g4xx_hal.o
HAL_SYSTICK_IRQHandler                            build/stm32g4xx_hal_cortex.o
HAL_SetTickFreq                                   build/stm32g4xx_hal.o
HAL_SuspendTick                                   build/stm32g4xx_hal.o
HAL_TIMEx_Break2Callback                          build/stm32g4xx_hal_tim_ex.o
                                                  build/stm32g4xx_hal_tim.o
HAL_TIMEx_BreakCallback                           build/stm32g4xx_hal_tim_ex.o
                                                  build/stm32g4xx_hal_tim.o
HAL_TIMEx_CommutCallback                          build/stm32g4xx_hal_tim_ex.o
                                                  build/stm32g4xx_hal_tim.o
HAL_TIMEx_CommutHalfCpltCallback                  build/stm32g4xx_hal_tim_ex.o
HAL_TIMEx_ConfigAsymmetricalDeadTime              build/stm32g4xx_hal_tim_ex.o
HAL_TIMEx_ConfigBreakDeadTime                     build/stm32g4xx_hal_tim_ex.o
                                                  build/main.o
HAL_TIMEx_ConfigBreakInput                        build/stm32g4xx_hal_tim_ex.o
HAL_TIMEx_ConfigCommutEvent                       build/stm32g4xx_hal_tim_ex.o
HAL_TIMEx_ConfigCommutEvent_DMA                   build/stm32g4xx_hal_tim_ex.o
HAL_TIMEx_ConfigCommutEvent_IT                    build/stm32g4xx_hal_tim_ex.o
HAL_TIMEx_ConfigDeadTime                          build/stm32g4xx_hal_tim_ex.o
HAL_TIMEx_ConfigEncoderIndex                      build/stm32g4xx_hal_tim_ex.o
HAL_TIMEx_ConfigSlaveModePreload                  build/stm32g4xx_hal_tim_ex.o
HAL_TIMEx_DirectionChangeCallback                 build/stm32g4xx_hal_tim_ex.o
                                                  build/stm32g4xx_hal_tim.o
HAL_TIMEx_DisableAsymmetricalDeadTime             build/stm32g4xx_hal_tim_ex.o
HAL_TIMEx_DisableDeadTimePreload                  build/stm32g4xx_hal_tim_ex.o
HAL_TIMEx_DisableEncoderFirstIndex                build/stm32g4xx_hal_tim_ex.o
HAL_TIMEx_DisableEncoderIndex                     build/stm32g4xx_hal_tim_ex.o
HAL_TIMEx_DisableSlaveModePreload                 build/stm32g4xx_hal_tim_ex.o
HAL_TIMEx_DisarmBreakInput                        build/stm32g4xx_hal_tim_ex.o
HAL_TIMEx_DitheringDisable                        build/stm32g4xx_hal_tim_ex.o
HAL_TIMEx_DitheringEnable                         build/stm32g4xx_hal_tim_ex.o
HAL_TIMEx_EnableAsymmetricalDeadTime              build/stm32g4xx_hal_tim_ex.o
HAL_TIMEx_EnableDeadTimePreload                   build/stm32g4xx_hal_tim_ex.o
HAL_TIMEx_EnableEncoderFirstIndex                 build/stm32g4xx_hal_tim_ex.o
HAL_TIMEx_EnableEncoderIndex                      build/stm32g4xx_hal_tim_ex.o
HAL_TIMEx_EnableSlaveModePreload                  build/stm32g4xx_hal_tim_ex.o
HAL_TIMEx_EncoderIndexCallback                    build/stm32g4xx_hal_tim_ex.o
                                                  build/stm32g4xx_hal_tim.o
HAL_TIMEx_GetChannelNState                        build/stm32g4xx_hal_tim_ex.o
HAL_TIMEx_GroupChannel5                           build/stm32g4xx_hal_tim_ex.o
HAL_TIMEx_HallSensor_DeInit                       build/stm32g4xx_hal_tim_ex.o
HAL_TIMEx_HallSensor_GetState                     build/stm32g4xx_hal_tim_ex.o
HAL_TIMEx_HallSensor_Init                         build/stm32g4xx_hal_tim_ex.o
HAL_TIMEx_HallSensor_MspDeInit                    build/stm32g4xx_hal_tim_ex.o
HAL_TIMEx_HallSensor_MspInit                      build/stm32g4xx_hal_tim_ex.o
HAL_TIMEx_HallSensor_Start                        build/stm32g4xx_hal_tim_ex.o
HAL_TIMEx_HallSensor_Start_DMA                    build/stm32g4xx_hal_tim_ex.o
HAL_TIMEx_HallSensor_Start_IT                     build/stm32g4xx_hal_tim_ex.o
HAL_TIMEx_HallSensor_Stop                         build/stm32g4xx_hal_tim_ex.o
HAL_TIMEx_HallSensor_Stop_DMA                     build/stm32g4xx_hal_tim_ex.o
HAL_TIMEx_HallSensor_Stop_IT                      build/stm32g4xx_hal_tim_ex.o
HAL_TIMEx_IndexErrorCallback                      build/stm32g4xx_hal_tim_ex.o
                                                  build/stm32g4xx_hal_tim.o
HAL_TIMEx_MasterConfigSynchronization             build/stm32g4xx_hal_tim_ex.o
                                                  build/main.o
HAL_TIMEx_OCN_Start                               build/stm32g4xx_hal_tim_ex.o
HAL_TIMEx_OCN_Start_DMA                           build/stm32g4xx_hal_tim_ex.o
HAL_TIMEx_OCN_Start_IT                            build/stm32g4xx_hal_tim_ex.o
HAL_TIMEx_OCN_Stop                                build/stm32g4xx_hal_tim_ex.o
HAL_TIMEx_OCN_Stop_DMA                            build/stm32g4xx_hal_tim_ex.o
HAL_TIMEx_OCN_Stop_IT                             build/stm32g4xx_hal_tim_ex.o
HAL_TIMEx_OC_ConfigPulseOnCompare                 build/stm32g4xx_hal_tim_ex.o
HAL_TIMEx_OnePulseN_Start                         build/stm32g4xx_hal_tim_ex.o
HAL_TIMEx_OnePulseN_Start_IT                      build/stm32g4xx_hal_tim_ex.o
HAL_TIMEx_OnePulseN_Stop                          build/stm32g4xx_hal_tim_ex.o
HAL_TIMEx_OnePulseN_Stop_IT                       build/stm32g4xx_hal_tim_ex.o
HAL_TIMEx_PWMN_Start                              build/stm32g4xx_hal_tim_ex.o
                                                  build/main.o
HAL_TIMEx_PWMN_Start_DMA                          build/stm32g4xx_hal_tim_ex.o
HAL_TIMEx_PWMN_Start_IT                           build/stm32g4xx_hal_tim_ex.o
HAL_TIMEx_PWMN_Stop                               build/stm32g4xx_hal_tim_ex.o
                                                  build/main.o
HAL_TIMEx_PWMN_Stop_DMA                           build/stm32g4xx_hal_tim_ex.o
HAL_TIMEx_PWMN_Stop_IT                            build/stm32g4xx_hal_tim_ex.o
HAL_TIMEx_ReArmBreakInput                         build/stm32g4xx_hal_tim_ex.o
HAL_TIMEx_RemapConfig                             build/stm32g4xx_hal_tim_ex.o
HAL_TIMEx_TISelection                             build/stm32g4xx_hal_tim_ex.o
HAL_TIMEx_TransitionErrorCallback                 build/stm32g4xx_hal_tim_ex.o
                                                  build/stm32g4xx_hal_tim.o
HAL_TIM_Base_DeInit                               build/stm32g4xx_hal_tim.o
HAL_TIM_Base_GetState                             build/stm32g4xx_hal_tim.o
HAL_TIM_Base_Init                                 build/stm32g4xx_hal_tim.o
HAL_TIM_Base_MspDeInit                            build/stm32g4xx_hal_tim.o
HAL_TIM_Base_MspInit                              build/stm32g4xx_hal_tim.o
HAL_TIM_Base_Start                                build/stm32g4xx_hal_tim.o
HAL_TIM_Base_Start_DMA                            build/stm32g4xx_hal_tim.o
HAL_TIM_Base_Start_IT                             build/stm32g4xx_hal_tim.o
HAL_TIM_Base_Stop                                 build/stm32g4xx_hal_tim.o
HAL_TIM_Base_Stop_DMA                             build/stm32g4xx_hal_tim.o
HAL_TIM_Base_Stop_IT                              build/stm32g4xx_hal_tim.o
HAL_TIM_ConfigClockSource                         build/stm32g4xx_hal_tim.o
HAL_TIM_ConfigOCrefClear                          build/stm32g4xx_hal_tim.o
HAL_TIM_ConfigTI1Input                            build/stm32g4xx_hal_tim.o
HAL_TIM_DMABurstState                             build/stm32g4xx_hal_tim.o
HAL_TIM_DMABurst_MultiReadStart                   build/stm32g4xx_hal_tim.o
HAL_TIM_DMABurst_MultiWriteStart                  build/stm32g4xx_hal_tim.o
HAL_TIM_DMABurst_ReadStart                        build/stm32g4xx_hal_tim.o
HAL_TIM_DMABurst_ReadStop                         build/stm32g4xx_hal_tim.o
HAL_TIM_DMABurst_WriteStart                       build/stm32g4xx_hal_tim.o
HAL_TIM_DMABurst_WriteStop                        build/stm32g4xx_hal_tim.o
HAL_TIM_Encoder_DeInit                            build/stm32g4xx_hal_tim.o
HAL_TIM_Encoder_GetState                          build/stm32g4xx_hal_tim.o
HAL_TIM_Encoder_Init                              build/stm32g4xx_hal_tim.o
HAL_TIM_Encoder_MspDeInit                         build/stm32g4xx_hal_tim.o
HAL_TIM_Encoder_MspInit                           build/stm32g4xx_hal_tim.o
HAL_TIM_Encoder_Start                             build/stm32g4xx_hal_tim.o
HAL_TIM_Encoder_Start_DMA                         build/stm32g4xx_hal_tim.o
HAL_TIM_Encoder_Start_IT                          build/stm32g4xx_hal_tim.o
HAL_TIM_Encoder_Stop                              build/stm32g4xx_hal_tim.o
HAL_TIM_Encoder_Stop_DMA                          build/stm32g4xx_hal_tim.o
HAL_TIM_Encoder_Stop_IT                           build/stm32g4xx_hal_tim.o
HAL_TIM_ErrorCallback                             build/stm32g4xx_hal_tim.o
                                                  build/stm32g4xx_hal_tim_ex.o
HAL_TIM_GenerateEvent                             build/stm32g4xx_hal_tim.o
HAL_TIM_GetActiveChannel                          build/stm32g4xx_hal_tim.o
HAL_TIM_GetChannelState                           build/stm32g4xx_hal_tim.o
HAL_TIM_IC_CaptureCallback                        build/stm32g4xx_hal_tim.o
HAL_TIM_IC_CaptureHalfCpltCallback                build/stm32g4xx_hal_tim.o
HAL_TIM_IC_ConfigChannel                          build/stm32g4xx_hal_tim.o
HAL_TIM_IC_DeInit                                 build/stm32g4xx_hal_tim.o
HAL_TIM_IC_GetState                               build/stm32g4xx_hal_tim.o
HAL_TIM_IC_Init                                   build/stm32g4xx_hal_tim.o
HAL_TIM_IC_MspDeInit                              build/stm32g4xx_hal_tim.o
HAL_TIM_IC_MspInit                                build/stm32g4xx_hal_tim.o
HAL_TIM_IC_Start                                  build/stm32g4xx_hal_tim.o
HAL_TIM_IC_Start_DMA                              build/stm32g4xx_hal_tim.o
HAL_TIM_IC_Start_IT                               build/stm32g4xx_hal_tim.o
HAL_TIM_IC_Stop                                   build/stm32g4xx_hal_tim.o
HAL_TIM_IC_Stop_DMA                               build/stm32g4xx_hal_tim.o
HAL_TIM_IC_Stop_IT                                build/stm32g4xx_hal_tim.o
HAL_TIM_IRQHandler                                build/stm32g4xx_hal_tim.o
                                                  build/stm32g4xx_it.o
HAL_TIM_MspPostInit                               build/stm32g4xx_hal_msp.o
                                                  build/main.o
HAL_TIM_OC_ConfigChannel                          build/stm32g4xx_hal_tim.o
HAL_TIM_OC_DeInit                                 build/stm32g4xx_hal_tim.o
HAL_TIM_OC_DelayElapsedCallback                   build/stm32g4xx_hal_tim.o
HAL_TIM_OC_GetState                               build/stm32g4xx_hal_tim.o
HAL_TIM_OC_Init                                   build/stm32g4xx_hal_tim.o
HAL_TIM_OC_MspDeInit                              build/stm32g4xx_hal_tim.o
HAL_TIM_OC_MspInit                                build/stm32g4xx_hal_tim.o
HAL_TIM_OC_Start                                  build/stm32g4xx_hal_tim.o
HAL_TIM_OC_Start_DMA                              build/stm32g4xx_hal_tim.o
HAL_TIM_OC_Start_IT                               build/stm32g4xx_hal_tim.o
HAL_TIM_OC_Stop                                   build/stm32g4xx_hal_tim.o
HAL_TIM_OC_Stop_DMA                               build/stm32g4xx_hal_tim.o
HAL_TIM_OC_Stop_IT                                build/stm32g4xx_hal_tim.o
HAL_TIM_OnePulse_ConfigChannel                    build/stm32g4xx_hal_tim.o
HAL_TIM_OnePulse_DeInit                           build/stm32g4xx_hal_tim.o
HAL_TIM_OnePulse_GetState                         build/stm32g4xx_hal_tim.o
HAL_TIM_OnePulse_Init                             build/stm32g4xx_hal_tim.o
HAL_TIM_OnePulse_MspDeInit                        build/stm32g4xx_hal_tim.o
HAL_TIM_OnePulse_MspInit                          build/stm32g4xx_hal_tim.o
HAL_TIM_OnePulse_Start                            build/stm32g4xx_hal_tim.o
HAL_TIM_OnePulse_Start_IT                         build/stm32g4xx_hal_tim.o
HAL_TIM_OnePulse_Stop                             build/stm32g4xx_hal_tim.o
HAL_TIM_OnePulse_Stop_IT                          build/stm32g4xx_hal_tim.o
HAL_TIM_PWM_ConfigChannel                         build/stm32g4xx_hal_tim.o
                                                  build/main.o
HAL_TIM_PWM_DeInit                                build/stm32g4xx_hal_tim.o
HAL_TIM_PWM_GetState                              build/stm32g4xx_hal_tim.o
HAL_TIM_PWM_Init                                  build/stm32g4xx_hal_tim.o
                                                  build/main.o
HAL_TIM_PWM_MspDeInit                             build/stm32g4xx_hal_msp.o
HAL_TIM_PWM_MspInit                               build/stm32g4xx_hal_msp.o
HAL_TIM_PWM_PulseFinishedCallback                 build/stm32g4xx_hal_tim.o
                                                  build/stm32g4xx_hal_tim_ex.o
HAL_TIM_PWM_PulseFinishedHalfCpltCallback         build/stm32g4xx_hal_tim.o
HAL_TIM_PWM_Start                                 build/stm32g4xx_hal_tim.o
                                                  build/main.o
HAL_TIM_PWM_Start_DMA                             build/stm32g4xx_hal_tim.o
HAL_TIM_PWM_Start_IT                              build/stm32g4xx_hal_tim.o
HAL_TIM_PWM_Stop                                  build/stm32g4xx_hal_tim.o
                                                  build/main.o
HAL_TIM_PWM_Stop_DMA                              build/stm32g4xx_hal_tim.o
HAL_TIM_PWM_Stop_IT                               build/stm32g4xx_hal_tim.o
HAL_TIM_PeriodElapsedCallback                     build/main.o
HAL_TIM_PeriodElapsedHalfCpltCallback             build/stm32g4xx_hal_tim.o
HAL_TIM_ReadCapturedValue                         build/stm32g4xx_hal_tim.o
HAL_TIM_SlaveConfigSynchro                        build/stm32g4xx_hal_tim.o
HAL_TIM_SlaveConfigSynchro_IT                     build/stm32g4xx_hal_tim.o
HAL_TIM_TriggerCallback                           build/stm32g4xx_hal_tim.o
HAL_TIM_TriggerHalfCpltCallback                   build/stm32g4xx_hal_tim.o
HRTIM1_FLT_IRQHandler                             build/startup_stm32g474xx.o
HRTIM1_Master_IRQHandler                          build/startup_stm32g474xx.o
HRTIM1_TIMA_IRQHandler                            build/startup_stm32g474xx.o
HRTIM1_TIMB_IRQHandler                            build/startup_stm32g474xx.o
HRTIM1_TIMC_IRQHandler                            build/startup_stm32g474xx.o
HRTIM1_TIMD_IRQHandler                            build/startup_stm32g474xx.o
HRTIM1_TIME_IRQHandler                            build/startup_stm32g474xx.o
HRTIM1_TIMF_IRQHandler                            build/startup_stm32g474xx.o
HardFault_Handler                                 build/stm32g4xx_it.o
I2C1_ER_IRQHandler                                build/startup_stm32g474xx.o
I2C1_EV_IRQHandler                                build/startup_stm32g474xx.o
I2C2_ER_IRQHandler                                build/startup_stm32g474xx.o
I2C2_EV_IRQHandler                                build/startup_stm32g474xx.o
I2C3_ER_IRQHandler                                build/startup_stm32g474xx.o
I2C3_EV_IRQHandler                                build/startup_stm32g474xx.o
I2C4_ER_IRQHandler                                build/startup_stm32g474xx.o
I2C4_EV_IRQHandler                                build/startup_stm32g474xx.o
LPTIM1_IRQHandler                                 build/startup_stm32g474xx.o
LPUART1_IRQHandler                                build/startup_stm32g474xx.o
MemManage_Handler                                 build/stm32g4xx_it.o
NMI_Handler                                       build/stm32g4xx_it.o
PVD_PVM_IRQHandler                                build/startup_stm32g474xx.o
PendSV_Handler                                    build/stm32g4xx_it.o
QUADSPI_IRQHandler                                build/startup_stm32g474xx.o
RCC_IRQHandler                                    build/startup_stm32g474xx.o
RNG_IRQHandler                                    build/startup_stm32g474xx.o
RTC_Alarm_IRQHandler                              build/startup_stm32g474xx.o
RTC_TAMP_LSECSS_IRQHandler                        build/startup_stm32g474xx.o
RTC_WKUP_IRQHandler                               build/startup_stm32g474xx.o
Reset_Handler                                     build/startup_stm32g474xx.o
SAI1_IRQHandler                                   build/startup_stm32g474xx.o
SPI1_IRQHandler                                   build/startup_stm32g474xx.o
SPI2_IRQHandler                                   build/startup_stm32g474xx.o
SPI3_IRQHandler                                   build/startup_stm32g474xx.o
SPI4_IRQHandler                                   build/startup_stm32g474xx.o
SVC_Handler                                       build/stm32g4xx_it.o
SysTick_Handler                                   build/stm32g4xx_it.o
SystemClock_Config                                build/main.o
SystemCoreClock                                   build/system_stm32g4xx.o
                                                  build/stm32g4xx_hal_pwr_ex.o
                                                  build/stm32g4xx_hal_flash_ramfunc.o
                                                  build/stm32g4xx_hal_rcc.o
                                                  build/stm32g4xx_hal.o
SystemCoreClockUpdate                             build/system_stm32g4xx.o
SystemInit                                        build/system_stm32g4xx.o
                                                  build/startup_stm32g474xx.o
TIM1_BRK_TIM15_IRQHandler                         build/startup_stm32g474xx.o
TIM1_CC_IRQHandler                                build/startup_stm32g474xx.o
TIM1_TRG_COM_TIM17_IRQHandler                     build/startup_stm32g474xx.o
TIM1_UP_TIM16_IRQHandler                          build/startup_stm32g474xx.o
TIM20_BRK_IRQHandler                              build/startup_stm32g474xx.o
TIM20_CC_IRQHandler                               build/startup_stm32g474xx.o
TIM20_TRG_COM_IRQHandler                          build/startup_stm32g474xx.o
TIM20_UP_IRQHandler                               build/startup_stm32g474xx.o
TIM2_IRQHandler                                   build/startup_stm32g474xx.o
TIM3_IRQHandler                                   build/startup_stm32g474xx.o
TIM4_IRQHandler                                   build/startup_stm32g474xx.o
TIM5_IRQHandler                                   build/startup_stm32g474xx.o
TIM6_DAC_IRQHandler                               build/startup_stm32g474xx.o
TIM7_DAC_IRQHandler                               build/startup_stm32g474xx.o
TIM8_BRK_IRQHandler                               build/startup_stm32g474xx.o
TIM8_CC_IRQHandler                                build/startup_stm32g474xx.o
TIM8_TRG_COM_IRQHandler                           build/startup_stm32g474xx.o
TIM8_UP_IRQHandler                                build/stm32g4xx_it.o
TIMEx_DMACommutationCplt                          build/stm32g4xx_hal_tim_ex.o
                                                  build/stm32g4xx_hal_tim.o
TIMEx_DMACommutationHalfCplt                      build/stm32g4xx_hal_tim_ex.o
                                                  build/stm32g4xx_hal_tim.o
TIM_Base_SetConfig                                build/stm32g4xx_hal_tim.o
                                                  build/stm32g4xx_hal_tim_ex.o
TIM_CCxChannelCmd                                 build/stm32g4xx_hal_tim.o
                                                  build/stm32g4xx_hal_tim_ex.o
TIM_DMACaptureCplt                                build/stm32g4xx_hal_tim.o
                                                  build/stm32g4xx_hal_tim_ex.o
TIM_DMACaptureHalfCplt                            build/stm32g4xx_hal_tim.o
                                                  build/stm32g4xx_hal_tim_ex.o
TIM_DMADelayPulseHalfCplt                         build/stm32g4xx_hal_tim.o
                                                  build/stm32g4xx_hal_tim_ex.o
TIM_DMAError                                      build/stm32g4xx_hal_tim.o
                                                  build/stm32g4xx_hal_tim_ex.o
TIM_ETR_SetConfig                                 build/stm32g4xx_hal_tim.o
                                                  build/stm32g4xx_hal_tim_ex.o
TIM_OC2_SetConfig                                 build/stm32g4xx_hal_tim.o
                                                  build/stm32g4xx_hal_tim_ex.o
TIM_TI1_SetConfig                                 build/stm32g4xx_hal_tim.o
                                                  build/stm32g4xx_hal_tim_ex.o
UART4_IRQHandler                                  build/startup_stm32g474xx.o
UART5_IRQHandler                                  build/startup_stm32g474xx.o
UCPD1_IRQHandler                                  build/startup_stm32g474xx.o
USART1_IRQHandler                                 build/startup_stm32g474xx.o
USART2_IRQHandler                                 build/startup_stm32g474xx.o
USART3_IRQHandler                                 build/startup_stm32g474xx.o
USBWakeUp_IRQHandler                              build/startup_stm32g474xx.o
USB_HP_IRQHandler                                 build/startup_stm32g474xx.o
USB_LP_IRQHandler                                 build/startup_stm32g474xx.o
UsageFault_Handler                                build/stm32g4xx_it.o
WWDG_IRQHandler                                   build/startup_stm32g474xx.o
_Min_Stack_Size                                   build/sysmem.o
__atexit                                          /usr/lib/gcc/arm-none-eabi/16.1.0/../../../../arm-none-eabi/lib/thumb/v7e-m+fp/hard/libc_nano.a(libc_a-__call_atexit.o)