ARM GAS  /tmp/cc9yAzas.s 			page 1


   1              		.cpu cortex-m4
   2              		.arch armv7e-m
   3              		.fpu fpv4-sp-d16
   4              		.eabi_attribute 27, 1
   5              		.eabi_attribute 28, 1
   6              		.eabi_attribute 20, 1
   7              		.eabi_attribute 21, 1
   8              		.eabi_attribute 23, 3
   9              		.eabi_attribute 24, 1
  10              		.eabi_attribute 25, 1
  11              		.eabi_attribute 26, 1
  12              		.eabi_attribute 30, 1
  13              		.eabi_attribute 34, 1
  14              		.eabi_attribute 18, 4
  15              		.file	"stm32g4xx_hal_msp.c"
  16              		.text
  17              	.Ltext0:
  18              		.cfi_sections	.debug_frame
  19              		.file 1 "Core/Src/stm32g4xx_hal_msp.c"
  20              		.section	.text.HAL_MspInit,"ax",%progbits
  21              		.align	1
  22              		.global	HAL_MspInit
  23              		.syntax unified
  24              		.thumb
  25              		.thumb_func
  27              	HAL_MspInit:
  28              	.LFB132:
   1:Core/Src/stm32g4xx_hal_msp.c **** /* USER CODE BEGIN Header */
   2:Core/Src/stm32g4xx_hal_msp.c **** /**
   3:Core/Src/stm32g4xx_hal_msp.c ****   ******************************************************************************
   4:Core/Src/stm32g4xx_hal_msp.c ****   * @file         stm32g4xx_hal_msp.c
   5:Core/Src/stm32g4xx_hal_msp.c ****   * @brief        This file provides code for the MSP Initialization
   6:Core/Src/stm32g4xx_hal_msp.c ****   *               and de-Initialization codes.
   7:Core/Src/stm32g4xx_hal_msp.c ****   ******************************************************************************
   8:Core/Src/stm32g4xx_hal_msp.c ****   * @attention
   9:Core/Src/stm32g4xx_hal_msp.c ****   *
  10:Core/Src/stm32g4xx_hal_msp.c ****   * Copyright (c) 2026 STMicroelectronics.
  11:Core/Src/stm32g4xx_hal_msp.c ****   * All rights reserved.
  12:Core/Src/stm32g4xx_hal_msp.c ****   *
  13:Core/Src/stm32g4xx_hal_msp.c ****   * This software is licensed under terms that can be found in the LICENSE file
  14:Core/Src/stm32g4xx_hal_msp.c ****   * in the root directory of this software component.
  15:Core/Src/stm32g4xx_hal_msp.c ****   * If no LICENSE file comes with this software, it is provided AS-IS.
  16:Core/Src/stm32g4xx_hal_msp.c ****   *
  17:Core/Src/stm32g4xx_hal_msp.c ****   ******************************************************************************
  18:Core/Src/stm32g4xx_hal_msp.c ****   */
  19:Core/Src/stm32g4xx_hal_msp.c **** /* USER CODE END Header */
  20:Core/Src/stm32g4xx_hal_msp.c **** /* Includes ------------------------------------------------------------------*/
  21:Core/Src/stm32g4xx_hal_msp.c **** #include "main.h"
  22:Core/Src/stm32g4xx_hal_msp.c **** /* USER CODE BEGIN Includes */
  23:Core/Src/stm32g4xx_hal_msp.c **** 
  24:Core/Src/stm32g4xx_hal_msp.c **** /* USER CODE END Includes */
  25:Core/Src/stm32g4xx_hal_msp.c **** 
  26:Core/Src/stm32g4xx_hal_msp.c **** /* Private typedef -----------------------------------------------------------*/
  27:Core/Src/stm32g4xx_hal_msp.c **** /* USER CODE BEGIN TD */
  28:Core/Src/stm32g4xx_hal_msp.c **** 
  29:Core/Src/stm32g4xx_hal_msp.c **** /* USER CODE END TD */
  30:Core/Src/stm32g4xx_hal_msp.c **** 
ARM GAS  /tmp/cc9yAzas.s 			page 2


  31:Core/Src/stm32g4xx_hal_msp.c **** /* Private define ------------------------------------------------------------*/
  32:Core/Src/stm32g4xx_hal_msp.c **** /* USER CODE BEGIN Define */
  33:Core/Src/stm32g4xx_hal_msp.c **** 
  34:Core/Src/stm32g4xx_hal_msp.c **** /* USER CODE END Define */
  35:Core/Src/stm32g4xx_hal_msp.c **** 
  36:Core/Src/stm32g4xx_hal_msp.c **** /* Private macro -------------------------------------------------------------*/
  37:Core/Src/stm32g4xx_hal_msp.c **** /* USER CODE BEGIN Macro */
  38:Core/Src/stm32g4xx_hal_msp.c **** 
  39:Core/Src/stm32g4xx_hal_msp.c **** /* USER CODE END Macro */
  40:Core/Src/stm32g4xx_hal_msp.c **** 
  41:Core/Src/stm32g4xx_hal_msp.c **** /* Private variables ---------------------------------------------------------*/
  42:Core/Src/stm32g4xx_hal_msp.c **** /* USER CODE BEGIN PV */
  43:Core/Src/stm32g4xx_hal_msp.c **** 
  44:Core/Src/stm32g4xx_hal_msp.c **** /* USER CODE END PV */
  45:Core/Src/stm32g4xx_hal_msp.c **** 
  46:Core/Src/stm32g4xx_hal_msp.c **** /* Private function prototypes -----------------------------------------------*/
  47:Core/Src/stm32g4xx_hal_msp.c **** /* USER CODE BEGIN PFP */
  48:Core/Src/stm32g4xx_hal_msp.c **** 
  49:Core/Src/stm32g4xx_hal_msp.c **** /* USER CODE END PFP */
  50:Core/Src/stm32g4xx_hal_msp.c **** 
  51:Core/Src/stm32g4xx_hal_msp.c **** /* External functions --------------------------------------------------------*/
  52:Core/Src/stm32g4xx_hal_msp.c **** /* USER CODE BEGIN ExternalFunctions */
  53:Core/Src/stm32g4xx_hal_msp.c **** 
  54:Core/Src/stm32g4xx_hal_msp.c **** /* USER CODE END ExternalFunctions */
  55:Core/Src/stm32g4xx_hal_msp.c **** 
  56:Core/Src/stm32g4xx_hal_msp.c **** /* USER CODE BEGIN 0 */
  57:Core/Src/stm32g4xx_hal_msp.c **** 
  58:Core/Src/stm32g4xx_hal_msp.c **** /* USER CODE END 0 */
  59:Core/Src/stm32g4xx_hal_msp.c **** 
  60:Core/Src/stm32g4xx_hal_msp.c **** void HAL_TIM_MspPostInit(TIM_HandleTypeDef *htim);
  61:Core/Src/stm32g4xx_hal_msp.c ****                     /**
  62:Core/Src/stm32g4xx_hal_msp.c ****   * Initializes the Global MSP.
  63:Core/Src/stm32g4xx_hal_msp.c ****   */
  64:Core/Src/stm32g4xx_hal_msp.c **** void HAL_MspInit(void)
  65:Core/Src/stm32g4xx_hal_msp.c **** {
  29              		.loc 1 65 1 view -0
  30              		.cfi_startproc
  31              		@ args = 0, pretend = 0, frame = 8
  32              		@ frame_needed = 0, uses_anonymous_args = 0
  33 0000 00B5     		push	{lr}
  34              	.LCFI0:
  35              		.cfi_def_cfa_offset 4
  36              		.cfi_offset 14, -4
  37 0002 83B0     		sub	sp, sp, #12
  38              	.LCFI1:
  39              		.cfi_def_cfa_offset 16
  66:Core/Src/stm32g4xx_hal_msp.c **** 
  67:Core/Src/stm32g4xx_hal_msp.c ****   /* USER CODE BEGIN MspInit 0 */
  68:Core/Src/stm32g4xx_hal_msp.c **** 
  69:Core/Src/stm32g4xx_hal_msp.c ****   /* USER CODE END MspInit 0 */
  70:Core/Src/stm32g4xx_hal_msp.c **** 
  71:Core/Src/stm32g4xx_hal_msp.c ****   __HAL_RCC_SYSCFG_CLK_ENABLE();
  40              		.loc 1 71 3 view .LVU1
  41              	.LBB2:
  42              		.loc 1 71 3 view .LVU2
  43              		.loc 1 71 3 view .LVU3
  44 0004 0B4B     		ldr	r3, .L3
ARM GAS  /tmp/cc9yAzas.s 			page 3


  45 0006 1A6E     		ldr	r2, [r3, #96]
  46 0008 42F00102 		orr	r2, r2, #1
  47 000c 1A66     		str	r2, [r3, #96]
  48              		.loc 1 71 3 view .LVU4
  49 000e 1A6E     		ldr	r2, [r3, #96]
  50 0010 02F00102 		and	r2, r2, #1
  51 0014 0092     		str	r2, [sp]
  52              		.loc 1 71 3 view .LVU5
  53 0016 009A     		ldr	r2, [sp]
  54              	.LBE2:
  55              		.loc 1 71 3 view .LVU6
  72:Core/Src/stm32g4xx_hal_msp.c ****   __HAL_RCC_PWR_CLK_ENABLE();
  56              		.loc 1 72 3 view .LVU7
  57              	.LBB3:
  58              		.loc 1 72 3 view .LVU8
  59              		.loc 1 72 3 view .LVU9
  60 0018 9A6D     		ldr	r2, [r3, #88]
  61 001a 42F08052 		orr	r2, r2, #268435456
  62 001e 9A65     		str	r2, [r3, #88]
  63              		.loc 1 72 3 view .LVU10
  64 0020 9B6D     		ldr	r3, [r3, #88]
  65 0022 03F08053 		and	r3, r3, #268435456
  66 0026 0193     		str	r3, [sp, #4]
  67              		.loc 1 72 3 view .LVU11
  68 0028 019B     		ldr	r3, [sp, #4]
  69              	.LBE3:
  70              		.loc 1 72 3 view .LVU12
  73:Core/Src/stm32g4xx_hal_msp.c **** 
  74:Core/Src/stm32g4xx_hal_msp.c ****   /* System interrupt init*/
  75:Core/Src/stm32g4xx_hal_msp.c **** 
  76:Core/Src/stm32g4xx_hal_msp.c ****   /** Disable the internal Pull-Up in Dead Battery pins of UCPD peripheral
  77:Core/Src/stm32g4xx_hal_msp.c ****   */
  78:Core/Src/stm32g4xx_hal_msp.c ****   HAL_PWREx_DisableUCPDDeadBattery();
  71              		.loc 1 78 3 view .LVU13
  72 002a FFF7FEFF 		bl	HAL_PWREx_DisableUCPDDeadBattery
  73              	.LVL0:
  79:Core/Src/stm32g4xx_hal_msp.c **** 
  80:Core/Src/stm32g4xx_hal_msp.c ****   /* USER CODE BEGIN MspInit 1 */
  81:Core/Src/stm32g4xx_hal_msp.c **** 
  82:Core/Src/stm32g4xx_hal_msp.c ****   /* USER CODE END MspInit 1 */
  83:Core/Src/stm32g4xx_hal_msp.c **** }
  74              		.loc 1 83 1 is_stmt 0 view .LVU14
  75 002e 03B0     		add	sp, sp, #12
  76              	.LCFI2:
  77              		.cfi_def_cfa_offset 4
  78              		@ sp needed
  79 0030 00BD     		pop	{pc}
  80              	.L4:
  81 0032 00BF     		.align	2
  82              	.L3:
  83 0034 00100240 		.word	1073876992
  84              		.cfi_endproc
  85              	.LFE132:
  87              		.section	.text.HAL_TIM_PWM_MspInit,"ax",%progbits
  88              		.align	1
  89              		.global	HAL_TIM_PWM_MspInit
  90              		.syntax unified
ARM GAS  /tmp/cc9yAzas.s 			page 4


  91              		.thumb
  92              		.thumb_func
  94              	HAL_TIM_PWM_MspInit:
  95              	.LVL1:
  96              	.LFB133:
  84:Core/Src/stm32g4xx_hal_msp.c **** 
  85:Core/Src/stm32g4xx_hal_msp.c **** /**
  86:Core/Src/stm32g4xx_hal_msp.c ****   * @brief TIM_PWM MSP Initialization
  87:Core/Src/stm32g4xx_hal_msp.c ****   * This function configures the hardware resources used in this example
  88:Core/Src/stm32g4xx_hal_msp.c ****   * @param htim_pwm: TIM_PWM handle pointer
  89:Core/Src/stm32g4xx_hal_msp.c ****   * @retval None
  90:Core/Src/stm32g4xx_hal_msp.c ****   */
  91:Core/Src/stm32g4xx_hal_msp.c **** void HAL_TIM_PWM_MspInit(TIM_HandleTypeDef* htim_pwm)
  92:Core/Src/stm32g4xx_hal_msp.c **** {
  97              		.loc 1 92 1 is_stmt 1 view -0
  98              		.cfi_startproc
  99              		@ args = 0, pretend = 0, frame = 8
 100              		@ frame_needed = 0, uses_anonymous_args = 0
 101              		@ link register save eliminated.
  93:Core/Src/stm32g4xx_hal_msp.c ****   if(htim_pwm->Instance==TIM8)
 102              		.loc 1 93 3 view .LVU16
 103              		.loc 1 93 14 is_stmt 0 view .LVU17
 104 0000 0268     		ldr	r2, [r0]
 105              		.loc 1 93 5 view .LVU18
 106 0002 094B     		ldr	r3, .L12
 107 0004 9A42     		cmp	r2, r3
 108 0006 00D0     		beq	.L11
 109 0008 7047     		bx	lr
 110              	.L11:
  92:Core/Src/stm32g4xx_hal_msp.c ****   if(htim_pwm->Instance==TIM8)
 111              		.loc 1 92 1 view .LVU19
 112 000a 82B0     		sub	sp, sp, #8
 113              	.LCFI3:
 114              		.cfi_def_cfa_offset 8
  94:Core/Src/stm32g4xx_hal_msp.c ****   {
  95:Core/Src/stm32g4xx_hal_msp.c ****     /* USER CODE BEGIN TIM8_MspInit 0 */
  96:Core/Src/stm32g4xx_hal_msp.c **** 
  97:Core/Src/stm32g4xx_hal_msp.c ****     /* USER CODE END TIM8_MspInit 0 */
  98:Core/Src/stm32g4xx_hal_msp.c ****     /* Peripheral clock enable */
  99:Core/Src/stm32g4xx_hal_msp.c ****     __HAL_RCC_TIM8_CLK_ENABLE();
 115              		.loc 1 99 5 is_stmt 1 view .LVU20
 116              	.LBB4:
 117              		.loc 1 99 5 view .LVU21
 118              		.loc 1 99 5 view .LVU22
 119 000c 03F55C43 		add	r3, r3, #56320
 120 0010 1A6E     		ldr	r2, [r3, #96]
 121 0012 42F40052 		orr	r2, r2, #8192
 122 0016 1A66     		str	r2, [r3, #96]
 123              		.loc 1 99 5 view .LVU23
 124 0018 1B6E     		ldr	r3, [r3, #96]
 125 001a 03F40053 		and	r3, r3, #8192
 126 001e 0193     		str	r3, [sp, #4]
 127              		.loc 1 99 5 view .LVU24
 128 0020 019B     		ldr	r3, [sp, #4]
 129              	.LBE4:
 130              		.loc 1 99 5 discriminator 1 view .LVU25
 100:Core/Src/stm32g4xx_hal_msp.c ****     /* USER CODE BEGIN TIM8_MspInit 1 */
ARM GAS  /tmp/cc9yAzas.s 			page 5


 101:Core/Src/stm32g4xx_hal_msp.c **** 
 102:Core/Src/stm32g4xx_hal_msp.c ****     /* USER CODE END TIM8_MspInit 1 */
 103:Core/Src/stm32g4xx_hal_msp.c **** 
 104:Core/Src/stm32g4xx_hal_msp.c ****   }
 105:Core/Src/stm32g4xx_hal_msp.c **** 
 106:Core/Src/stm32g4xx_hal_msp.c **** }
 131              		.loc 1 106 1 is_stmt 0 view .LVU26
 132 0022 02B0     		add	sp, sp, #8
 133              	.LCFI4:
 134              		.cfi_def_cfa_offset 0
 135              		@ sp needed
 136 0024 7047     		bx	lr
 137              	.L13:
 138 0026 00BF     		.align	2
 139              	.L12:
 140 0028 00340140 		.word	1073820672
 141              		.cfi_endproc
 142              	.LFE133:
 144              		.section	.text.HAL_TIM_MspPostInit,"ax",%progbits
 145              		.align	1
 146              		.global	HAL_TIM_MspPostInit
 147              		.syntax unified
 148              		.thumb
 149              		.thumb_func
 151              	HAL_TIM_MspPostInit:
 152              	.LVL2:
 153              	.LFB134:
 107:Core/Src/stm32g4xx_hal_msp.c **** 
 108:Core/Src/stm32g4xx_hal_msp.c **** void HAL_TIM_MspPostInit(TIM_HandleTypeDef* htim)
 109:Core/Src/stm32g4xx_hal_msp.c **** {
 154              		.loc 1 109 1 is_stmt 1 view -0
 155              		.cfi_startproc
 156              		@ args = 0, pretend = 0, frame = 32
 157              		@ frame_needed = 0, uses_anonymous_args = 0
 158              		.loc 1 109 1 is_stmt 0 view .LVU28
 159 0000 70B5     		push	{r4, r5, r6, lr}
 160              	.LCFI5:
 161              		.cfi_def_cfa_offset 16
 162              		.cfi_offset 4, -16
 163              		.cfi_offset 5, -12
 164              		.cfi_offset 6, -8
 165              		.cfi_offset 14, -4
 166 0002 88B0     		sub	sp, sp, #32
 167              	.LCFI6:
 168              		.cfi_def_cfa_offset 48
 110:Core/Src/stm32g4xx_hal_msp.c ****   GPIO_InitTypeDef GPIO_InitStruct = {0};
 169              		.loc 1 110 3 is_stmt 1 view .LVU29
 170              		.loc 1 110 20 is_stmt 0 view .LVU30
 171 0004 0023     		movs	r3, #0
 172 0006 0393     		str	r3, [sp, #12]
 173 0008 0493     		str	r3, [sp, #16]
 174 000a 0593     		str	r3, [sp, #20]
 175 000c 0693     		str	r3, [sp, #24]
 176 000e 0793     		str	r3, [sp, #28]
 111:Core/Src/stm32g4xx_hal_msp.c ****   if(htim->Instance==TIM8)
 177              		.loc 1 111 3 is_stmt 1 view .LVU31
 178              		.loc 1 111 10 is_stmt 0 view .LVU32
ARM GAS  /tmp/cc9yAzas.s 			page 6


 179 0010 0268     		ldr	r2, [r0]
 180              		.loc 1 111 5 view .LVU33
 181 0012 224B     		ldr	r3, .L18
 182 0014 9A42     		cmp	r2, r3
 183 0016 01D0     		beq	.L17
 184              	.LVL3:
 185              	.L14:
 112:Core/Src/stm32g4xx_hal_msp.c ****   {
 113:Core/Src/stm32g4xx_hal_msp.c ****     /* USER CODE BEGIN TIM8_MspPostInit 0 */
 114:Core/Src/stm32g4xx_hal_msp.c **** 
 115:Core/Src/stm32g4xx_hal_msp.c ****     /* USER CODE END TIM8_MspPostInit 0 */
 116:Core/Src/stm32g4xx_hal_msp.c **** 
 117:Core/Src/stm32g4xx_hal_msp.c ****     __HAL_RCC_GPIOA_CLK_ENABLE();
 118:Core/Src/stm32g4xx_hal_msp.c ****     __HAL_RCC_GPIOB_CLK_ENABLE();
 119:Core/Src/stm32g4xx_hal_msp.c ****     __HAL_RCC_GPIOC_CLK_ENABLE();
 120:Core/Src/stm32g4xx_hal_msp.c ****     /**TIM8 GPIO Configuration
 121:Core/Src/stm32g4xx_hal_msp.c ****     PA7     ------> TIM8_CH1N
 122:Core/Src/stm32g4xx_hal_msp.c ****     PB0     ------> TIM8_CH2N
 123:Core/Src/stm32g4xx_hal_msp.c ****     PB1     ------> TIM8_CH3N
 124:Core/Src/stm32g4xx_hal_msp.c ****     PC6     ------> TIM8_CH1
 125:Core/Src/stm32g4xx_hal_msp.c ****     PC7     ------> TIM8_CH2
 126:Core/Src/stm32g4xx_hal_msp.c ****     PC8     ------> TIM8_CH3
 127:Core/Src/stm32g4xx_hal_msp.c ****     */
 128:Core/Src/stm32g4xx_hal_msp.c ****     GPIO_InitStruct.Pin = GPIO_PIN_7;
 129:Core/Src/stm32g4xx_hal_msp.c ****     GPIO_InitStruct.Mode = GPIO_MODE_AF_PP;
 130:Core/Src/stm32g4xx_hal_msp.c ****     GPIO_InitStruct.Pull = GPIO_NOPULL;
 131:Core/Src/stm32g4xx_hal_msp.c ****     GPIO_InitStruct.Speed = GPIO_SPEED_FREQ_LOW;
 132:Core/Src/stm32g4xx_hal_msp.c ****     GPIO_InitStruct.Alternate = GPIO_AF4_TIM8;
 133:Core/Src/stm32g4xx_hal_msp.c ****     HAL_GPIO_Init(GPIOA, &GPIO_InitStruct);
 134:Core/Src/stm32g4xx_hal_msp.c **** 
 135:Core/Src/stm32g4xx_hal_msp.c ****     GPIO_InitStruct.Pin = GPIO_PIN_0|GPIO_PIN_1;
 136:Core/Src/stm32g4xx_hal_msp.c ****     GPIO_InitStruct.Mode = GPIO_MODE_AF_PP;
 137:Core/Src/stm32g4xx_hal_msp.c ****     GPIO_InitStruct.Pull = GPIO_NOPULL;
 138:Core/Src/stm32g4xx_hal_msp.c ****     GPIO_InitStruct.Speed = GPIO_SPEED_FREQ_LOW;
 139:Core/Src/stm32g4xx_hal_msp.c ****     GPIO_InitStruct.Alternate = GPIO_AF4_TIM8;
 140:Core/Src/stm32g4xx_hal_msp.c ****     HAL_GPIO_Init(GPIOB, &GPIO_InitStruct);
 141:Core/Src/stm32g4xx_hal_msp.c **** 
 142:Core/Src/stm32g4xx_hal_msp.c ****     GPIO_InitStruct.Pin = GPIO_PIN_6|GPIO_PIN_7|GPIO_PIN_8;
 143:Core/Src/stm32g4xx_hal_msp.c ****     GPIO_InitStruct.Mode = GPIO_MODE_AF_PP;
 144:Core/Src/stm32g4xx_hal_msp.c ****     GPIO_InitStruct.Pull = GPIO_NOPULL;
 145:Core/Src/stm32g4xx_hal_msp.c ****     GPIO_InitStruct.Speed = GPIO_SPEED_FREQ_LOW;
 146:Core/Src/stm32g4xx_hal_msp.c ****     GPIO_InitStruct.Alternate = GPIO_AF4_TIM8;
 147:Core/Src/stm32g4xx_hal_msp.c ****     HAL_GPIO_Init(GPIOC, &GPIO_InitStruct);
 148:Core/Src/stm32g4xx_hal_msp.c **** 
 149:Core/Src/stm32g4xx_hal_msp.c ****     /* USER CODE BEGIN TIM8_MspPostInit 1 */
 150:Core/Src/stm32g4xx_hal_msp.c **** 
 151:Core/Src/stm32g4xx_hal_msp.c ****     /* USER CODE END TIM8_MspPostInit 1 */
 152:Core/Src/stm32g4xx_hal_msp.c ****   }
 153:Core/Src/stm32g4xx_hal_msp.c **** 
 154:Core/Src/stm32g4xx_hal_msp.c **** }
 186              		.loc 1 154 1 view .LVU34
 187 0018 08B0     		add	sp, sp, #32
 188              	.LCFI7:
 189              		.cfi_remember_state
 190              		.cfi_def_cfa_offset 16
 191              		@ sp needed
 192 001a 70BD     		pop	{r4, r5, r6, pc}
ARM GAS  /tmp/cc9yAzas.s 			page 7


 193              	.LVL4:
 194              	.L17:
 195              	.LCFI8:
 196              		.cfi_restore_state
 117:Core/Src/stm32g4xx_hal_msp.c ****     __HAL_RCC_GPIOB_CLK_ENABLE();
 197              		.loc 1 117 5 is_stmt 1 view .LVU35
 198              	.LBB5:
 117:Core/Src/stm32g4xx_hal_msp.c ****     __HAL_RCC_GPIOB_CLK_ENABLE();
 199              		.loc 1 117 5 view .LVU36
 117:Core/Src/stm32g4xx_hal_msp.c ****     __HAL_RCC_GPIOB_CLK_ENABLE();
 200              		.loc 1 117 5 view .LVU37
 201 001c 03F55C43 		add	r3, r3, #56320
 202 0020 DA6C     		ldr	r2, [r3, #76]
 203 0022 42F00102 		orr	r2, r2, #1
 204 0026 DA64     		str	r2, [r3, #76]
 117:Core/Src/stm32g4xx_hal_msp.c ****     __HAL_RCC_GPIOB_CLK_ENABLE();
 205              		.loc 1 117 5 view .LVU38
 206 0028 DA6C     		ldr	r2, [r3, #76]
 207 002a 02F00102 		and	r2, r2, #1
 208 002e 0092     		str	r2, [sp]
 117:Core/Src/stm32g4xx_hal_msp.c ****     __HAL_RCC_GPIOB_CLK_ENABLE();
 209              		.loc 1 117 5 view .LVU39
 210 0030 009A     		ldr	r2, [sp]
 211              	.LBE5:
 117:Core/Src/stm32g4xx_hal_msp.c ****     __HAL_RCC_GPIOB_CLK_ENABLE();
 212              		.loc 1 117 5 view .LVU40
 118:Core/Src/stm32g4xx_hal_msp.c ****     __HAL_RCC_GPIOC_CLK_ENABLE();
 213              		.loc 1 118 5 view .LVU41
 214              	.LBB6:
 118:Core/Src/stm32g4xx_hal_msp.c ****     __HAL_RCC_GPIOC_CLK_ENABLE();
 215              		.loc 1 118 5 view .LVU42
 118:Core/Src/stm32g4xx_hal_msp.c ****     __HAL_RCC_GPIOC_CLK_ENABLE();
 216              		.loc 1 118 5 view .LVU43
 217 0032 DA6C     		ldr	r2, [r3, #76]
 218 0034 42F00202 		orr	r2, r2, #2
 219 0038 DA64     		str	r2, [r3, #76]
 118:Core/Src/stm32g4xx_hal_msp.c ****     __HAL_RCC_GPIOC_CLK_ENABLE();
 220              		.loc 1 118 5 view .LVU44
 221 003a DA6C     		ldr	r2, [r3, #76]
 222 003c 02F00202 		and	r2, r2, #2
 223 0040 0192     		str	r2, [sp, #4]
 118:Core/Src/stm32g4xx_hal_msp.c ****     __HAL_RCC_GPIOC_CLK_ENABLE();
 224              		.loc 1 118 5 view .LVU45
 225 0042 019A     		ldr	r2, [sp, #4]
 226              	.LBE6:
 118:Core/Src/stm32g4xx_hal_msp.c ****     __HAL_RCC_GPIOC_CLK_ENABLE();
 227              		.loc 1 118 5 view .LVU46
 119:Core/Src/stm32g4xx_hal_msp.c ****     /**TIM8 GPIO Configuration
 228              		.loc 1 119 5 view .LVU47
 229              	.LBB7:
 119:Core/Src/stm32g4xx_hal_msp.c ****     /**TIM8 GPIO Configuration
 230              		.loc 1 119 5 view .LVU48
 119:Core/Src/stm32g4xx_hal_msp.c ****     /**TIM8 GPIO Configuration
 231              		.loc 1 119 5 view .LVU49
 232 0044 DA6C     		ldr	r2, [r3, #76]
 233 0046 42F00402 		orr	r2, r2, #4
 234 004a DA64     		str	r2, [r3, #76]
ARM GAS  /tmp/cc9yAzas.s 			page 8


 119:Core/Src/stm32g4xx_hal_msp.c ****     /**TIM8 GPIO Configuration
 235              		.loc 1 119 5 view .LVU50
 236 004c DB6C     		ldr	r3, [r3, #76]
 237 004e 03F00403 		and	r3, r3, #4
 238 0052 0293     		str	r3, [sp, #8]
 119:Core/Src/stm32g4xx_hal_msp.c ****     /**TIM8 GPIO Configuration
 239              		.loc 1 119 5 view .LVU51
 240 0054 029B     		ldr	r3, [sp, #8]
 241              	.LBE7:
 119:Core/Src/stm32g4xx_hal_msp.c ****     /**TIM8 GPIO Configuration
 242              		.loc 1 119 5 view .LVU52
 128:Core/Src/stm32g4xx_hal_msp.c ****     GPIO_InitStruct.Mode = GPIO_MODE_AF_PP;
 243              		.loc 1 128 5 view .LVU53
 128:Core/Src/stm32g4xx_hal_msp.c ****     GPIO_InitStruct.Mode = GPIO_MODE_AF_PP;
 244              		.loc 1 128 25 is_stmt 0 view .LVU54
 245 0056 8023     		movs	r3, #128
 246 0058 0393     		str	r3, [sp, #12]
 129:Core/Src/stm32g4xx_hal_msp.c ****     GPIO_InitStruct.Pull = GPIO_NOPULL;
 247              		.loc 1 129 5 is_stmt 1 view .LVU55
 129:Core/Src/stm32g4xx_hal_msp.c ****     GPIO_InitStruct.Pull = GPIO_NOPULL;
 248              		.loc 1 129 26 is_stmt 0 view .LVU56
 249 005a 0225     		movs	r5, #2
 250 005c 0495     		str	r5, [sp, #16]
 130:Core/Src/stm32g4xx_hal_msp.c ****     GPIO_InitStruct.Speed = GPIO_SPEED_FREQ_LOW;
 251              		.loc 1 130 5 is_stmt 1 view .LVU57
 131:Core/Src/stm32g4xx_hal_msp.c ****     GPIO_InitStruct.Alternate = GPIO_AF4_TIM8;
 252              		.loc 1 131 5 view .LVU58
 132:Core/Src/stm32g4xx_hal_msp.c ****     HAL_GPIO_Init(GPIOA, &GPIO_InitStruct);
 253              		.loc 1 132 5 view .LVU59
 132:Core/Src/stm32g4xx_hal_msp.c ****     HAL_GPIO_Init(GPIOA, &GPIO_InitStruct);
 254              		.loc 1 132 31 is_stmt 0 view .LVU60
 255 005e 0426     		movs	r6, #4
 256 0060 0796     		str	r6, [sp, #28]
 133:Core/Src/stm32g4xx_hal_msp.c **** 
 257              		.loc 1 133 5 is_stmt 1 view .LVU61
 258 0062 03A9     		add	r1, sp, #12
 259 0064 4FF09040 		mov	r0, #1207959552
 260              	.LVL5:
 133:Core/Src/stm32g4xx_hal_msp.c **** 
 261              		.loc 1 133 5 is_stmt 0 view .LVU62
 262 0068 FFF7FEFF 		bl	HAL_GPIO_Init
 263              	.LVL6:
 135:Core/Src/stm32g4xx_hal_msp.c ****     GPIO_InitStruct.Mode = GPIO_MODE_AF_PP;
 264              		.loc 1 135 5 is_stmt 1 view .LVU63
 135:Core/Src/stm32g4xx_hal_msp.c ****     GPIO_InitStruct.Mode = GPIO_MODE_AF_PP;
 265              		.loc 1 135 25 is_stmt 0 view .LVU64
 266 006c 0323     		movs	r3, #3
 267 006e 0393     		str	r3, [sp, #12]
 136:Core/Src/stm32g4xx_hal_msp.c ****     GPIO_InitStruct.Pull = GPIO_NOPULL;
 268              		.loc 1 136 5 is_stmt 1 view .LVU65
 136:Core/Src/stm32g4xx_hal_msp.c ****     GPIO_InitStruct.Pull = GPIO_NOPULL;
 269              		.loc 1 136 26 is_stmt 0 view .LVU66
 270 0070 0495     		str	r5, [sp, #16]
 137:Core/Src/stm32g4xx_hal_msp.c ****     GPIO_InitStruct.Speed = GPIO_SPEED_FREQ_LOW;
 271              		.loc 1 137 5 is_stmt 1 view .LVU67
 137:Core/Src/stm32g4xx_hal_msp.c ****     GPIO_InitStruct.Speed = GPIO_SPEED_FREQ_LOW;
 272              		.loc 1 137 26 is_stmt 0 view .LVU68
ARM GAS  /tmp/cc9yAzas.s 			page 9


 273 0072 0024     		movs	r4, #0
 274 0074 0594     		str	r4, [sp, #20]
 138:Core/Src/stm32g4xx_hal_msp.c ****     GPIO_InitStruct.Alternate = GPIO_AF4_TIM8;
 275              		.loc 1 138 5 is_stmt 1 view .LVU69
 138:Core/Src/stm32g4xx_hal_msp.c ****     GPIO_InitStruct.Alternate = GPIO_AF4_TIM8;
 276              		.loc 1 138 27 is_stmt 0 view .LVU70
 277 0076 0694     		str	r4, [sp, #24]
 139:Core/Src/stm32g4xx_hal_msp.c ****     HAL_GPIO_Init(GPIOB, &GPIO_InitStruct);
 278              		.loc 1 139 5 is_stmt 1 view .LVU71
 139:Core/Src/stm32g4xx_hal_msp.c ****     HAL_GPIO_Init(GPIOB, &GPIO_InitStruct);
 279              		.loc 1 139 31 is_stmt 0 view .LVU72
 280 0078 0796     		str	r6, [sp, #28]
 140:Core/Src/stm32g4xx_hal_msp.c **** 
 281              		.loc 1 140 5 is_stmt 1 view .LVU73
 282 007a 03A9     		add	r1, sp, #12
 283 007c 0848     		ldr	r0, .L18+4
 284 007e FFF7FEFF 		bl	HAL_GPIO_Init
 285              	.LVL7:
 142:Core/Src/stm32g4xx_hal_msp.c ****     GPIO_InitStruct.Mode = GPIO_MODE_AF_PP;
 286              		.loc 1 142 5 view .LVU74
 142:Core/Src/stm32g4xx_hal_msp.c ****     GPIO_InitStruct.Mode = GPIO_MODE_AF_PP;
 287              		.loc 1 142 25 is_stmt 0 view .LVU75
 288 0082 4FF4E073 		mov	r3, #448
 289 0086 0393     		str	r3, [sp, #12]
 143:Core/Src/stm32g4xx_hal_msp.c ****     GPIO_InitStruct.Pull = GPIO_NOPULL;
 290              		.loc 1 143 5 is_stmt 1 view .LVU76
 143:Core/Src/stm32g4xx_hal_msp.c ****     GPIO_InitStruct.Pull = GPIO_NOPULL;
 291              		.loc 1 143 26 is_stmt 0 view .LVU77
 292 0088 0495     		str	r5, [sp, #16]
 144:Core/Src/stm32g4xx_hal_msp.c ****     GPIO_InitStruct.Speed = GPIO_SPEED_FREQ_LOW;
 293              		.loc 1 144 5 is_stmt 1 view .LVU78
 144:Core/Src/stm32g4xx_hal_msp.c ****     GPIO_InitStruct.Speed = GPIO_SPEED_FREQ_LOW;
 294              		.loc 1 144 26 is_stmt 0 view .LVU79
 295 008a 0594     		str	r4, [sp, #20]
 145:Core/Src/stm32g4xx_hal_msp.c ****     GPIO_InitStruct.Alternate = GPIO_AF4_TIM8;
 296              		.loc 1 145 5 is_stmt 1 view .LVU80
 145:Core/Src/stm32g4xx_hal_msp.c ****     GPIO_InitStruct.Alternate = GPIO_AF4_TIM8;
 297              		.loc 1 145 27 is_stmt 0 view .LVU81
 298 008c 0694     		str	r4, [sp, #24]
 146:Core/Src/stm32g4xx_hal_msp.c ****     HAL_GPIO_Init(GPIOC, &GPIO_InitStruct);
 299              		.loc 1 146 5 is_stmt 1 view .LVU82
 146:Core/Src/stm32g4xx_hal_msp.c ****     HAL_GPIO_Init(GPIOC, &GPIO_InitStruct);
 300              		.loc 1 146 31 is_stmt 0 view .LVU83
 301 008e 0796     		str	r6, [sp, #28]
 147:Core/Src/stm32g4xx_hal_msp.c **** 
 302              		.loc 1 147 5 is_stmt 1 view .LVU84
 303 0090 03A9     		add	r1, sp, #12
 304 0092 0448     		ldr	r0, .L18+8
 305 0094 FFF7FEFF 		bl	HAL_GPIO_Init
 306              	.LVL8:
 307              		.loc 1 154 1 is_stmt 0 view .LVU85
 308 0098 BEE7     		b	.L14
 309              	.L19:
 310 009a 00BF     		.align	2
 311              	.L18:
 312 009c 00340140 		.word	1073820672
 313 00a0 00040048 		.word	1207960576
ARM GAS  /tmp/cc9yAzas.s 			page 10


 314 00a4 00080048 		.word	1207961600
 315              		.cfi_endproc
 316              	.LFE134:
 318              		.section	.text.HAL_TIM_PWM_MspDeInit,"ax",%progbits
 319              		.align	1
 320              		.global	HAL_TIM_PWM_MspDeInit
 321              		.syntax unified
 322              		.thumb
 323              		.thumb_func
 325              	HAL_TIM_PWM_MspDeInit:
 326              	.LVL9:
 327              	.LFB135:
 155:Core/Src/stm32g4xx_hal_msp.c **** /**
 156:Core/Src/stm32g4xx_hal_msp.c ****   * @brief TIM_PWM MSP De-Initialization
 157:Core/Src/stm32g4xx_hal_msp.c ****   * This function freeze the hardware resources used in this example
 158:Core/Src/stm32g4xx_hal_msp.c ****   * @param htim_pwm: TIM_PWM handle pointer
 159:Core/Src/stm32g4xx_hal_msp.c ****   * @retval None
 160:Core/Src/stm32g4xx_hal_msp.c ****   */
 161:Core/Src/stm32g4xx_hal_msp.c **** void HAL_TIM_PWM_MspDeInit(TIM_HandleTypeDef* htim_pwm)
 162:Core/Src/stm32g4xx_hal_msp.c **** {
 328              		.loc 1 162 1 is_stmt 1 view -0
 329              		.cfi_startproc
 330              		@ args = 0, pretend = 0, frame = 0
 331              		@ frame_needed = 0, uses_anonymous_args = 0
 332              		@ link register save eliminated.
 163:Core/Src/stm32g4xx_hal_msp.c ****   if(htim_pwm->Instance==TIM8)
 333              		.loc 1 163 3 view .LVU87
 334              		.loc 1 163 14 is_stmt 0 view .LVU88
 335 0000 0268     		ldr	r2, [r0]
 336              		.loc 1 163 5 view .LVU89
 337 0002 054B     		ldr	r3, .L23
 338 0004 9A42     		cmp	r2, r3
 339 0006 00D0     		beq	.L22
 340              	.L20:
 164:Core/Src/stm32g4xx_hal_msp.c ****   {
 165:Core/Src/stm32g4xx_hal_msp.c ****     /* USER CODE BEGIN TIM8_MspDeInit 0 */
 166:Core/Src/stm32g4xx_hal_msp.c **** 
 167:Core/Src/stm32g4xx_hal_msp.c ****     /* USER CODE END TIM8_MspDeInit 0 */
 168:Core/Src/stm32g4xx_hal_msp.c ****     /* Peripheral clock disable */
 169:Core/Src/stm32g4xx_hal_msp.c ****     __HAL_RCC_TIM8_CLK_DISABLE();
 170:Core/Src/stm32g4xx_hal_msp.c ****     /* USER CODE BEGIN TIM8_MspDeInit 1 */
 171:Core/Src/stm32g4xx_hal_msp.c **** 
 172:Core/Src/stm32g4xx_hal_msp.c ****     /* USER CODE END TIM8_MspDeInit 1 */
 173:Core/Src/stm32g4xx_hal_msp.c ****   }
 174:Core/Src/stm32g4xx_hal_msp.c **** 
 175:Core/Src/stm32g4xx_hal_msp.c **** }
 341              		.loc 1 175 1 view .LVU90
 342 0008 7047     		bx	lr
 343              	.L22:
 169:Core/Src/stm32g4xx_hal_msp.c ****     /* USER CODE BEGIN TIM8_MspDeInit 1 */
 344              		.loc 1 169 5 is_stmt 1 view .LVU91
 345 000a 044A     		ldr	r2, .L23+4
 346 000c 136E     		ldr	r3, [r2, #96]
 347 000e 23F40053 		bic	r3, r3, #8192
 348 0012 1366     		str	r3, [r2, #96]
 349              		.loc 1 175 1 is_stmt 0 view .LVU92
 350 0014 F8E7     		b	.L20
ARM GAS  /tmp/cc9yAzas.s 			page 11


 351              	.L24:
 352 0016 00BF     		.align	2
 353              	.L23:
 354 0018 00340140 		.word	1073820672
 355 001c 00100240 		.word	1073876992
 356              		.cfi_endproc
 357              	.LFE135:
 359              		.text
 360              	.Letext0:
 361              		.file 2 "/usr/arm-none-eabi/include/machine/_default_types.h"
 362              		.file 3 "/usr/arm-none-eabi/include/sys/_stdint.h"
 363              		.file 4 "Drivers/CMSIS/Device/ST/STM32G4xx/Include/stm32g474xx.h"
 364              		.file 5 "Drivers/STM32G4xx_HAL_Driver/Inc/stm32g4xx_hal_def.h"
 365              		.file 6 "Drivers/STM32G4xx_HAL_Driver/Inc/stm32g4xx_hal_gpio.h"
 366              		.file 7 "Drivers/STM32G4xx_HAL_Driver/Inc/stm32g4xx_hal_dma.h"
 367              		.file 8 "Drivers/STM32G4xx_HAL_Driver/Inc/stm32g4xx_hal_tim.h"
 368              		.file 9 "Drivers/STM32G4xx_HAL_Driver/Inc/stm32g4xx_hal_pwr_ex.h"
ARM GAS  /tmp/cc9yAzas.s 			page 12


DEFINED SYMBOLS
                            *ABS*:00000000 stm32g4xx_hal_msp.c
     /tmp/cc9yAzas.s:21     .text.HAL_MspInit:00000000 $t
     /tmp/cc9yAzas.s:27     .text.HAL_MspInit:00000000 HAL_MspInit
     /tmp/cc9yAzas.s:83     .text.HAL_MspInit:00000034 $d
     /tmp/cc9yAzas.s:88     .text.HAL_TIM_PWM_MspInit:00000000 $t
     /tmp/cc9yAzas.s:94     .text.HAL_TIM_PWM_MspInit:00000000 HAL_TIM_PWM_MspInit
     /tmp/cc9yAzas.s:140    .text.HAL_TIM_PWM_MspInit:00000028 $d
     /tmp/cc9yAzas.s:145    .text.HAL_TIM_MspPostInit:00000000 $t
     /tmp/cc9yAzas.s:151    .text.HAL_TIM_MspPostInit:00000000 HAL_TIM_MspPostInit
     /tmp/cc9yAzas.s:312    .text.HAL_TIM_MspPostInit:0000009c $d
     /tmp/cc9yAzas.s:319    .text.HAL_TIM_PWM_MspDeInit:00000000 $t
     /tmp/cc9yAzas.s:325    .text.HAL_TIM_PWM_MspDeInit:00000000 HAL_TIM_PWM_MspDeInit
     /tmp/cc9yAzas.s:354    .text.HAL_TIM_PWM_MspDeInit:00000018 $d

UNDEFINED SYMBOLS
HAL_PWREx_DisableUCPDDeadBattery
HAL_GPIO_Init
